
24-05-2024 02:29:06 [xn----7sbxacenejetrooc4c8eq6b.xn--p1ai][info] Parent plugin start installation!
24-05-2024 02:29:06 [xn----7sbxacenejetrooc4c8eq6b.xn--p1ai][info] Plugin installation: try create plugin tables.
																	-DB Version: 0
																	-Plugin Version in DB: 0
																	-Current Plugin Version: 1.6.9
24-05-2024 02:29:06 [xn----7sbxacenejetrooc4c8eq6b.xn--p1ai][info] Parent plugin installation complete!
-------------------------------
24-05-2024 02:29:28 [xn----7sbxacenejetrooc4c8eq6b.xn--p1ai][info] Try to create backup directory. Backup dir: (/home/s/sfsolmv9/municipaljnyy-yurist.rf/public_html/wp-content/uploads/wio_backup)
-------------------------------
24-05-2024 02:29:47 [xn----7sbxacenejetrooc4c8eq6b.xn--p1ai][info] Start bulk optimization process! Scope: media-library
24-05-2024 02:29:47 [xn----7sbxacenejetrooc4c8eq6b.xn--p1ai][info] Try to create backup directory. Backup dir: (/home/s/sfsolmv9/municipaljnyy-yurist.rf/public_html/wp-content/uploads/wio_backup/2023/10)
24-05-2024 02:29:47 [xn----7sbxacenejetrooc4c8eq6b.xn--p1ai][info] Preparing to upload a file (/home/s/sfsolmv9/municipaljnyy-yurist.rf/public_html/wp-content/uploads/2023/10/logo.png) to a remote server (server_1).
24-05-2024 02:29:47 [xn----7sbxacenejetrooc4c8eq6b.xn--p1ai][info] File successfully uploaded to remote server (server_1).
24-05-2024 02:29:48 [xn----7sbxacenejetrooc4c8eq6b.xn--p1ai][info] Preparing to upload a file (/home/s/sfsolmv9/municipaljnyy-yurist.rf/public_html/wp-content/uploads/2023/10/logo-150x150.png) to a remote server (server_1).
24-05-2024 02:29:48 [xn----7sbxacenejetrooc4c8eq6b.xn--p1ai][info] File successfully uploaded to remote server (server_1).
24-05-2024 02:29:48 [xn----7sbxacenejetrooc4c8eq6b.xn--p1ai][info] Preparing to upload a file (/home/s/sfsolmv9/municipaljnyy-yurist.rf/public_html/wp-content/uploads/2023/10/logo-300x278.png) to a remote server (server_1).
24-05-2024 02:29:48 [xn----7sbxacenejetrooc4c8eq6b.xn--p1ai][info] File successfully uploaded to remote server (server_1).
24-05-2024 02:29:48 [xn----7sbxacenejetrooc4c8eq6b.xn--p1ai][debug] New queue created #1, attributes values: {"server_id":null,"object_id":"12","object_name":"","item_type":"attachment","item_hash":null,"item_hash_alternative":null,"result_status":"success","processing_level":"normal","is_backed_up":true,"original_size":169133,"final_size":65314,"original_mime_type":"image\/png","final_mime_type":"image\/png","extra_data":"{\"thumbnails_count\":2,\"original_main_size\":91783,\"class\":\"RIO_Attachment_Extra_Data\"}","created_at":1716506988}
24-05-2024 02:29:48 [xn----7sbxacenejetrooc4c8eq6b.xn--p1ai][info] End bulk optimization process! Scope: media-library. Remain: 53
-------------------------------
24-05-2024 02:29:49 [xn----7sbxacenejetrooc4c8eq6b.xn--p1ai][info] Start bulk optimization process! Scope: media-library
24-05-2024 02:29:49 [xn----7sbxacenejetrooc4c8eq6b.xn--p1ai][info] Preparing to upload a file (/home/s/sfsolmv9/municipaljnyy-yurist.rf/public_html/wp-content/uploads/2023/10/cropped-logo.png) to a remote server (server_1).
24-05-2024 02:29:49 [xn----7sbxacenejetrooc4c8eq6b.xn--p1ai][info] File successfully uploaded to remote server (server_1).
24-05-2024 02:29:49 [xn----7sbxacenejetrooc4c8eq6b.xn--p1ai][info] Preparing to upload a file (/home/s/sfsolmv9/municipaljnyy-yurist.rf/public_html/wp-content/uploads/2023/10/cropped-logo-150x150.png) to a remote server (server_1).
24-05-2024 02:29:49 [xn----7sbxacenejetrooc4c8eq6b.xn--p1ai][info] File successfully uploaded to remote server (server_1).
24-05-2024 02:29:50 [xn----7sbxacenejetrooc4c8eq6b.xn--p1ai][info] Preparing to upload a file (/home/s/sfsolmv9/municipaljnyy-yurist.rf/public_html/wp-content/uploads/2023/10/cropped-logo-300x278.png) to a remote server (server_1).
24-05-2024 02:29:50 [xn----7sbxacenejetrooc4c8eq6b.xn--p1ai][info] File successfully uploaded to remote server (server_1).
24-05-2024 02:29:50 [xn----7sbxacenejetrooc4c8eq6b.xn--p1ai][debug] New queue created #2, attributes values: {"server_id":null,"object_id":"13","object_name":"","item_type":"attachment","item_hash":null,"item_hash_alternative":null,"result_status":"success","processing_level":"normal","is_backed_up":true,"original_size":158179,"final_size":49065,"original_mime_type":"image\/png","final_mime_type":"image\/png","extra_data":"{\"thumbnails_count\":2,\"original_main_size\":80829,\"class\":\"RIO_Attachment_Extra_Data\"}","created_at":1716506990}
24-05-2024 02:29:50 [xn----7sbxacenejetrooc4c8eq6b.xn--p1ai][info] End bulk optimization process! Scope: media-library. Remain: 52
-------------------------------
24-05-2024 02:29:50 [xn----7sbxacenejetrooc4c8eq6b.xn--p1ai][info] Start bulk optimization process! Scope: media-library
24-05-2024 02:29:50 [xn----7sbxacenejetrooc4c8eq6b.xn--p1ai][info] Preparing to upload a file (/home/s/sfsolmv9/municipaljnyy-yurist.rf/public_html/wp-content/uploads/2023/10/sakha.png) to a remote server (server_1).
24-05-2024 02:29:51 [xn----7sbxacenejetrooc4c8eq6b.xn--p1ai][info] File successfully uploaded to remote server (server_1).
24-05-2024 02:29:51 [xn----7sbxacenejetrooc4c8eq6b.xn--p1ai][info] Preparing to upload a file (/home/s/sfsolmv9/municipaljnyy-yurist.rf/public_html/wp-content/uploads/2023/10/sakha-150x150.png) to a remote server (server_1).
24-05-2024 02:29:51 [xn----7sbxacenejetrooc4c8eq6b.xn--p1ai][info] File successfully uploaded to remote server (server_1).
24-05-2024 02:29:51 [xn----7sbxacenejetrooc4c8eq6b.xn--p1ai][info] Preparing to upload a file (/home/s/sfsolmv9/municipaljnyy-yurist.rf/public_html/wp-content/uploads/2023/10/sakha-300x295.png) to a remote server (server_1).
24-05-2024 02:29:52 [xn----7sbxacenejetrooc4c8eq6b.xn--p1ai][info] File successfully uploaded to remote server (server_1).
24-05-2024 02:29:52 [xn----7sbxacenejetrooc4c8eq6b.xn--p1ai][debug] New queue created #3, attributes values: {"server_id":null,"object_id":"40","object_name":"","item_type":"attachment","item_hash":null,"item_hash_alternative":null,"result_status":"success","processing_level":"normal","is_backed_up":true,"original_size":165971,"final_size":58417,"original_mime_type":"image\/png","final_mime_type":"image\/png","extra_data":"{\"thumbnails_count\":2,\"original_main_size\":105270,\"class\":\"RIO_Attachment_Extra_Data\"}","created_at":1716506992}
24-05-2024 02:29:52 [xn----7sbxacenejetrooc4c8eq6b.xn--p1ai][info] End bulk optimization process! Scope: media-library. Remain: 51
-------------------------------
24-05-2024 02:29:52 [xn----7sbxacenejetrooc4c8eq6b.xn--p1ai][info] Start bulk optimization process! Scope: media-library
24-05-2024 02:29:54 [xn----7sbxacenejetrooc4c8eq6b.xn--p1ai][info] Preparing to upload a file (/home/s/sfsolmv9/municipaljnyy-yurist.rf/public_html/wp-content/uploads/2023/10/edu.png) to a remote server (server_1).
24-05-2024 02:29:55 [xn----7sbxacenejetrooc4c8eq6b.xn--p1ai][info] File successfully uploaded to remote server (server_1).
24-05-2024 02:29:55 [xn----7sbxacenejetrooc4c8eq6b.xn--p1ai][info] Preparing to upload a file (/home/s/sfsolmv9/municipaljnyy-yurist.rf/public_html/wp-content/uploads/2023/10/edu-150x150.png) to a remote server (server_1).
24-05-2024 02:29:55 [xn----7sbxacenejetrooc4c8eq6b.xn--p1ai][info] File successfully uploaded to remote server (server_1).
24-05-2024 02:29:55 [xn----7sbxacenejetrooc4c8eq6b.xn--p1ai][info] Preparing to upload a file (/home/s/sfsolmv9/municipaljnyy-yurist.rf/public_html/wp-content/uploads/2023/10/edu-300x200.png) to a remote server (server_1).
24-05-2024 02:29:56 [xn----7sbxacenejetrooc4c8eq6b.xn--p1ai][info] File successfully uploaded to remote server (server_1).
24-05-2024 02:29:56 [xn----7sbxacenejetrooc4c8eq6b.xn--p1ai][debug] New queue created #4, attributes values: {"server_id":null,"object_id":"68","object_name":"","item_type":"attachment","item_hash":null,"item_hash_alternative":null,"result_status":"success","processing_level":"normal","is_backed_up":true,"original_size":1431636,"final_size":79822,"original_mime_type":"image\/png","final_mime_type":"image\/png","extra_data":"{\"thumbnails_count\":2,\"original_main_size\":1398861,\"class\":\"RIO_Attachment_Extra_Data\"}","created_at":1716506996}
24-05-2024 02:29:56 [xn----7sbxacenejetrooc4c8eq6b.xn--p1ai][info] End bulk optimization process! Scope: media-library. Remain: 50
-------------------------------
24-05-2024 02:29:56 [xn----7sbxacenejetrooc4c8eq6b.xn--p1ai][info] Start bulk optimization process! Scope: media-library
24-05-2024 02:30:00 [xn----7sbxacenejetrooc4c8eq6b.xn--p1ai][info] Preparing to upload a file (/home/s/sfsolmv9/municipaljnyy-yurist.rf/public_html/wp-content/uploads/2023/10/sdo.png) to a remote server (server_1).
24-05-2024 02:30:00 [xn----7sbxacenejetrooc4c8eq6b.xn--p1ai][info] File successfully uploaded to remote server (server_1).
24-05-2024 02:30:01 [xn----7sbxacenejetrooc4c8eq6b.xn--p1ai][info] Preparing to upload a file (/home/s/sfsolmv9/municipaljnyy-yurist.rf/public_html/wp-content/uploads/2023/10/sdo-150x150.png) to a remote server (server_1).
24-05-2024 02:30:01 [xn----7sbxacenejetrooc4c8eq6b.xn--p1ai][info] File successfully uploaded to remote server (server_1).
24-05-2024 02:30:01 [xn----7sbxacenejetrooc4c8eq6b.xn--p1ai][info] Preparing to upload a file (/home/s/sfsolmv9/municipaljnyy-yurist.rf/public_html/wp-content/uploads/2023/10/sdo-300x200.png) to a remote server (server_1).
24-05-2024 02:30:02 [xn----7sbxacenejetrooc4c8eq6b.xn--p1ai][info] File successfully uploaded to remote server (server_1).
24-05-2024 02:30:02 [xn----7sbxacenejetrooc4c8eq6b.xn--p1ai][debug] New queue created #5, attributes values: {"server_id":null,"object_id":"69","object_name":"","item_type":"attachment","item_hash":null,"item_hash_alternative":null,"result_status":"success","processing_level":"normal","is_backed_up":true,"original_size":6395067,"final_size":265699,"original_mime_type":"image\/png","final_mime_type":"image\/png","extra_data":"{\"thumbnails_count\":2,\"original_main_size\":6349997,\"class\":\"RIO_Attachment_Extra_Data\"}","created_at":1716507002}
24-05-2024 02:30:02 [xn----7sbxacenejetrooc4c8eq6b.xn--p1ai][info] End bulk optimization process! Scope: media-library. Remain: 49
-------------------------------
24-05-2024 02:30:02 [xn----7sbxacenejetrooc4c8eq6b.xn--p1ai][info] Start bulk optimization process! Scope: media-library
24-05-2024 02:30:04 [xn----7sbxacenejetrooc4c8eq6b.xn--p1ai][info] Preparing to upload a file (/home/s/sfsolmv9/municipaljnyy-yurist.rf/public_html/wp-content/uploads/2023/10/bright-minds.png) to a remote server (server_1).
24-05-2024 02:30:04 [xn----7sbxacenejetrooc4c8eq6b.xn--p1ai][info] File successfully uploaded to remote server (server_1).
24-05-2024 02:30:05 [xn----7sbxacenejetrooc4c8eq6b.xn--p1ai][info] Preparing to upload a file (/home/s/sfsolmv9/municipaljnyy-yurist.rf/public_html/wp-content/uploads/2023/10/bright-minds-150x150.png) to a remote server (server_1).
24-05-2024 02:30:05 [xn----7sbxacenejetrooc4c8eq6b.xn--p1ai][info] File successfully uploaded to remote server (server_1).
24-05-2024 02:30:05 [xn----7sbxacenejetrooc4c8eq6b.xn--p1ai][info] Preparing to upload a file (/home/s/sfsolmv9/municipaljnyy-yurist.rf/public_html/wp-content/uploads/2023/10/bright-minds-300x200.png) to a remote server (server_1).
24-05-2024 02:30:05 [xn----7sbxacenejetrooc4c8eq6b.xn--p1ai][info] File successfully uploaded to remote server (server_1).
24-05-2024 02:30:05 [xn----7sbxacenejetrooc4c8eq6b.xn--p1ai][debug] New queue created #6, attributes values: {"server_id":null,"object_id":"70","object_name":"","item_type":"attachment","item_hash":null,"item_hash_alternative":null,"result_status":"success","processing_level":"normal","is_backed_up":true,"original_size":1235236,"final_size":73181,"original_mime_type":"image\/png","final_mime_type":"image\/png","extra_data":"{\"thumbnails_count\":2,\"original_main_size\":1209304,\"class\":\"RIO_Attachment_Extra_Data\"}","created_at":1716507005}
24-05-2024 02:30:05 [xn----7sbxacenejetrooc4c8eq6b.xn--p1ai][info] End bulk optimization process! Scope: media-library. Remain: 48
-------------------------------
24-05-2024 02:30:05 [xn----7sbxacenejetrooc4c8eq6b.xn--p1ai][info] Start bulk optimization process! Scope: media-library
24-05-2024 02:30:06 [xn----7sbxacenejetrooc4c8eq6b.xn--p1ai][info] Preparing to upload a file (/home/s/sfsolmv9/municipaljnyy-yurist.rf/public_html/wp-content/uploads/2023/10/work-1.png) to a remote server (server_1).
24-05-2024 02:30:06 [xn----7sbxacenejetrooc4c8eq6b.xn--p1ai][info] File successfully uploaded to remote server (server_1).
24-05-2024 02:30:06 [xn----7sbxacenejetrooc4c8eq6b.xn--p1ai][debug] New queue created #7, attributes values: {"server_id":null,"object_id":"93","object_name":"","item_type":"attachment","item_hash":null,"item_hash_alternative":null,"result_status":"success","processing_level":"normal","is_backed_up":true,"original_size":8650,"final_size":5372,"original_mime_type":"image\/png","final_mime_type":"image\/png","extra_data":"{\"thumbnails_count\":0,\"original_main_size\":8650,\"class\":\"RIO_Attachment_Extra_Data\"}","created_at":1716507006}
24-05-2024 02:30:06 [xn----7sbxacenejetrooc4c8eq6b.xn--p1ai][info] End bulk optimization process! Scope: media-library. Remain: 47
-------------------------------
24-05-2024 02:30:06 [xn----7sbxacenejetrooc4c8eq6b.xn--p1ai][info] Start bulk optimization process! Scope: media-library
24-05-2024 02:30:06 [xn----7sbxacenejetrooc4c8eq6b.xn--p1ai][info] Preparing to upload a file (/home/s/sfsolmv9/municipaljnyy-yurist.rf/public_html/wp-content/uploads/2023/10/work-2.png) to a remote server (server_1).
24-05-2024 02:30:06 [xn----7sbxacenejetrooc4c8eq6b.xn--p1ai][info] File successfully uploaded to remote server (server_1).
24-05-2024 02:30:06 [xn----7sbxacenejetrooc4c8eq6b.xn--p1ai][debug] New queue created #8, attributes values: {"server_id":null,"object_id":"94","object_name":"","item_type":"attachment","item_hash":null,"item_hash_alternative":null,"result_status":"success","processing_level":"normal","is_backed_up":true,"original_size":9063,"final_size":5492,"original_mime_type":"image\/png","final_mime_type":"image\/png","extra_data":"{\"thumbnails_count\":0,\"original_main_size\":9063,\"class\":\"RIO_Attachment_Extra_Data\"}","created_at":1716507006}
24-05-2024 02:30:06 [xn----7sbxacenejetrooc4c8eq6b.xn--p1ai][info] End bulk optimization process! Scope: media-library. Remain: 46
-------------------------------
24-05-2024 02:30:07 [xn----7sbxacenejetrooc4c8eq6b.xn--p1ai][info] Start bulk optimization process! Scope: media-library
24-05-2024 02:30:07 [xn----7sbxacenejetrooc4c8eq6b.xn--p1ai][info] Preparing to upload a file (/home/s/sfsolmv9/municipaljnyy-yurist.rf/public_html/wp-content/uploads/2023/10/work-3.png) to a remote server (server_1).
24-05-2024 02:30:07 [xn----7sbxacenejetrooc4c8eq6b.xn--p1ai][info] File successfully uploaded to remote server (server_1).
24-05-2024 02:30:07 [xn----7sbxacenejetrooc4c8eq6b.xn--p1ai][debug] New queue created #9, attributes values: {"server_id":null,"object_id":"95","object_name":"","item_type":"attachment","item_hash":null,"item_hash_alternative":null,"result_status":"success","processing_level":"normal","is_backed_up":true,"original_size":8384,"final_size":5201,"original_mime_type":"image\/png","final_mime_type":"image\/png","extra_data":"{\"thumbnails_count\":0,\"original_main_size\":8384,\"class\":\"RIO_Attachment_Extra_Data\"}","created_at":1716507007}
24-05-2024 02:30:07 [xn----7sbxacenejetrooc4c8eq6b.xn--p1ai][info] End bulk optimization process! Scope: media-library. Remain: 45
-------------------------------
24-05-2024 02:30:07 [xn----7sbxacenejetrooc4c8eq6b.xn--p1ai][info] Start bulk optimization process! Scope: media-library
24-05-2024 02:30:07 [xn----7sbxacenejetrooc4c8eq6b.xn--p1ai][info] Preparing to upload a file (/home/s/sfsolmv9/municipaljnyy-yurist.rf/public_html/wp-content/uploads/2023/10/work-4.png) to a remote server (server_1).
24-05-2024 02:30:07 [xn----7sbxacenejetrooc4c8eq6b.xn--p1ai][info] File successfully uploaded to remote server (server_1).
24-05-2024 02:30:08 [xn----7sbxacenejetrooc4c8eq6b.xn--p1ai][debug] New queue created #10, attributes values: {"server_id":null,"object_id":"96","object_name":"","item_type":"attachment","item_hash":null,"item_hash_alternative":null,"result_status":"success","processing_level":"normal","is_backed_up":true,"original_size":7996,"final_size":5107,"original_mime_type":"image\/png","final_mime_type":"image\/png","extra_data":"{\"thumbnails_count\":0,\"original_main_size\":7996,\"class\":\"RIO_Attachment_Extra_Data\"}","created_at":1716507008}
24-05-2024 02:30:08 [xn----7sbxacenejetrooc4c8eq6b.xn--p1ai][info] End bulk optimization process! Scope: media-library. Remain: 44
-------------------------------
24-05-2024 02:30:08 [xn----7sbxacenejetrooc4c8eq6b.xn--p1ai][info] Start bulk optimization process! Scope: media-library
24-05-2024 02:30:08 [xn----7sbxacenejetrooc4c8eq6b.xn--p1ai][info] Preparing to upload a file (/home/s/sfsolmv9/municipaljnyy-yurist.rf/public_html/wp-content/uploads/2023/10/work-5.png) to a remote server (server_1).
24-05-2024 02:30:08 [xn----7sbxacenejetrooc4c8eq6b.xn--p1ai][info] File successfully uploaded to remote server (server_1).
24-05-2024 02:30:08 [xn----7sbxacenejetrooc4c8eq6b.xn--p1ai][debug] New queue created #11, attributes values: {"server_id":null,"object_id":"97","object_name":"","item_type":"attachment","item_hash":null,"item_hash_alternative":null,"result_status":"success","processing_level":"normal","is_backed_up":true,"original_size":8597,"final_size":5341,"original_mime_type":"image\/png","final_mime_type":"image\/png","extra_data":"{\"thumbnails_count\":0,\"original_main_size\":8597,\"class\":\"RIO_Attachment_Extra_Data\"}","created_at":1716507008}
24-05-2024 02:30:08 [xn----7sbxacenejetrooc4c8eq6b.xn--p1ai][info] End bulk optimization process! Scope: media-library. Remain: 43
-------------------------------
24-05-2024 02:30:09 [xn----7sbxacenejetrooc4c8eq6b.xn--p1ai][info] Start bulk optimization process! Scope: media-library
24-05-2024 02:30:09 [xn----7sbxacenejetrooc4c8eq6b.xn--p1ai][info] Preparing to upload a file (/home/s/sfsolmv9/municipaljnyy-yurist.rf/public_html/wp-content/uploads/2023/10/expert-1.jpeg) to a remote server (server_1).
24-05-2024 02:30:09 [xn----7sbxacenejetrooc4c8eq6b.xn--p1ai][info] File successfully uploaded to remote server (server_1).
24-05-2024 02:30:09 [xn----7sbxacenejetrooc4c8eq6b.xn--p1ai][info] Preparing to upload a file (/home/s/sfsolmv9/municipaljnyy-yurist.rf/public_html/wp-content/uploads/2023/10/expert-1-150x150.jpeg) to a remote server (server_1).
24-05-2024 02:30:09 [xn----7sbxacenejetrooc4c8eq6b.xn--p1ai][info] File successfully uploaded to remote server (server_1).
24-05-2024 02:30:09 [xn----7sbxacenejetrooc4c8eq6b.xn--p1ai][info] Preparing to upload a file (/home/s/sfsolmv9/municipaljnyy-yurist.rf/public_html/wp-content/uploads/2023/10/expert-1-269x300.jpeg) to a remote server (server_1).
24-05-2024 02:30:09 [xn----7sbxacenejetrooc4c8eq6b.xn--p1ai][info] File successfully uploaded to remote server (server_1).
24-05-2024 02:30:10 [xn----7sbxacenejetrooc4c8eq6b.xn--p1ai][debug] New queue created #12, attributes values: {"server_id":null,"object_id":"120","object_name":"","item_type":"attachment","item_hash":null,"item_hash_alternative":null,"result_status":"success","processing_level":"normal","is_backed_up":true,"original_size":96160,"final_size":61740,"original_mime_type":"image\/jpeg","final_mime_type":"image\/jpeg","extra_data":"{\"thumbnails_count\":2,\"original_main_size\":63069,\"class\":\"RIO_Attachment_Extra_Data\"}","created_at":1716507010}
24-05-2024 02:30:10 [xn----7sbxacenejetrooc4c8eq6b.xn--p1ai][info] End bulk optimization process! Scope: media-library. Remain: 42
-------------------------------
24-05-2024 02:30:10 [xn----7sbxacenejetrooc4c8eq6b.xn--p1ai][info] Start bulk optimization process! Scope: media-library
24-05-2024 02:30:10 [xn----7sbxacenejetrooc4c8eq6b.xn--p1ai][info] Preparing to upload a file (/home/s/sfsolmv9/municipaljnyy-yurist.rf/public_html/wp-content/uploads/2023/10/expert-2.jpeg) to a remote server (server_1).
24-05-2024 02:30:10 [xn----7sbxacenejetrooc4c8eq6b.xn--p1ai][info] File successfully uploaded to remote server (server_1).
24-05-2024 02:30:11 [xn----7sbxacenejetrooc4c8eq6b.xn--p1ai][info] Preparing to upload a file (/home/s/sfsolmv9/municipaljnyy-yurist.rf/public_html/wp-content/uploads/2023/10/expert-2-150x150.jpeg) to a remote server (server_1).
24-05-2024 02:30:11 [xn----7sbxacenejetrooc4c8eq6b.xn--p1ai][info] File successfully uploaded to remote server (server_1).
24-05-2024 02:30:11 [xn----7sbxacenejetrooc4c8eq6b.xn--p1ai][info] Preparing to upload a file (/home/s/sfsolmv9/municipaljnyy-yurist.rf/public_html/wp-content/uploads/2023/10/expert-2-269x300.jpeg) to a remote server (server_1).
24-05-2024 02:30:11 [xn----7sbxacenejetrooc4c8eq6b.xn--p1ai][info] File successfully uploaded to remote server (server_1).
24-05-2024 02:30:11 [xn----7sbxacenejetrooc4c8eq6b.xn--p1ai][debug] New queue created #13, attributes values: {"server_id":null,"object_id":"121","object_name":"","item_type":"attachment","item_hash":null,"item_hash_alternative":null,"result_status":"success","processing_level":"normal","is_backed_up":true,"original_size":96624,"final_size":62564,"original_mime_type":"image\/jpeg","final_mime_type":"image\/jpeg","extra_data":"{\"thumbnails_count\":2,\"original_main_size\":63616,\"class\":\"RIO_Attachment_Extra_Data\"}","created_at":1716507011}
24-05-2024 02:30:11 [xn----7sbxacenejetrooc4c8eq6b.xn--p1ai][info] End bulk optimization process! Scope: media-library. Remain: 41
-------------------------------
24-05-2024 02:30:12 [xn----7sbxacenejetrooc4c8eq6b.xn--p1ai][info] Start bulk optimization process! Scope: media-library
24-05-2024 02:30:12 [xn----7sbxacenejetrooc4c8eq6b.xn--p1ai][info] Preparing to upload a file (/home/s/sfsolmv9/municipaljnyy-yurist.rf/public_html/wp-content/uploads/2023/10/expert-3.jpeg) to a remote server (server_1).
24-05-2024 02:30:12 [xn----7sbxacenejetrooc4c8eq6b.xn--p1ai][info] File successfully uploaded to remote server (server_1).
24-05-2024 02:30:12 [xn----7sbxacenejetrooc4c8eq6b.xn--p1ai][info] Preparing to upload a file (/home/s/sfsolmv9/municipaljnyy-yurist.rf/public_html/wp-content/uploads/2023/10/expert-3-150x150.jpeg) to a remote server (server_1).
24-05-2024 02:30:13 [xn----7sbxacenejetrooc4c8eq6b.xn--p1ai][info] File successfully uploaded to remote server (server_1).
24-05-2024 02:30:13 [xn----7sbxacenejetrooc4c8eq6b.xn--p1ai][info] Preparing to upload a file (/home/s/sfsolmv9/municipaljnyy-yurist.rf/public_html/wp-content/uploads/2023/10/expert-3-269x300.jpeg) to a remote server (server_1).
24-05-2024 02:30:13 [xn----7sbxacenejetrooc4c8eq6b.xn--p1ai][info] File successfully uploaded to remote server (server_1).
24-05-2024 02:30:13 [xn----7sbxacenejetrooc4c8eq6b.xn--p1ai][debug] New queue created #14, attributes values: {"server_id":null,"object_id":"122","object_name":"","item_type":"attachment","item_hash":null,"item_hash_alternative":null,"result_status":"success","processing_level":"normal","is_backed_up":true,"original_size":79971,"final_size":51168,"original_mime_type":"image\/jpeg","final_mime_type":"image\/jpeg","extra_data":"{\"thumbnails_count\":2,\"original_main_size\":52644,\"class\":\"RIO_Attachment_Extra_Data\"}","created_at":1716507013}
24-05-2024 02:30:13 [xn----7sbxacenejetrooc4c8eq6b.xn--p1ai][info] End bulk optimization process! Scope: media-library. Remain: 40
-------------------------------
24-05-2024 02:30:14 [xn----7sbxacenejetrooc4c8eq6b.xn--p1ai][info] Start bulk optimization process! Scope: media-library
24-05-2024 02:30:14 [xn----7sbxacenejetrooc4c8eq6b.xn--p1ai][info] Preparing to upload a file (/home/s/sfsolmv9/municipaljnyy-yurist.rf/public_html/wp-content/uploads/2023/10/news-2.jpg) to a remote server (server_1).
24-05-2024 02:30:14 [xn----7sbxacenejetrooc4c8eq6b.xn--p1ai][info] File successfully uploaded to remote server (server_1).
24-05-2024 02:30:14 [xn----7sbxacenejetrooc4c8eq6b.xn--p1ai][info] Preparing to upload a file (/home/s/sfsolmv9/municipaljnyy-yurist.rf/public_html/wp-content/uploads/2023/10/news-2-150x150.jpg) to a remote server (server_1).
24-05-2024 02:30:14 [xn----7sbxacenejetrooc4c8eq6b.xn--p1ai][info] File successfully uploaded to remote server (server_1).
24-05-2024 02:30:14 [xn----7sbxacenejetrooc4c8eq6b.xn--p1ai][info] Preparing to upload a file (/home/s/sfsolmv9/municipaljnyy-yurist.rf/public_html/wp-content/uploads/2023/10/news-2-300x218.jpg) to a remote server (server_1).
24-05-2024 02:30:15 [xn----7sbxacenejetrooc4c8eq6b.xn--p1ai][info] File successfully uploaded to remote server (server_1).
24-05-2024 02:30:15 [xn----7sbxacenejetrooc4c8eq6b.xn--p1ai][debug] New queue created #15, attributes values: {"server_id":null,"object_id":"138","object_name":"","item_type":"attachment","item_hash":null,"item_hash_alternative":null,"result_status":"success","processing_level":"normal","is_backed_up":true,"original_size":134996,"final_size":83864,"original_mime_type":"image\/jpeg","final_mime_type":"image\/jpeg","extra_data":"{\"thumbnails_count\":2,\"original_main_size\":93128,\"class\":\"RIO_Attachment_Extra_Data\"}","created_at":1716507015}
24-05-2024 02:30:16 [xn----7sbxacenejetrooc4c8eq6b.xn--p1ai][info] End bulk optimization process! Scope: media-library. Remain: 39
-------------------------------
24-05-2024 02:30:16 [xn----7sbxacenejetrooc4c8eq6b.xn--p1ai][info] Start bulk optimization process! Scope: media-library
24-05-2024 02:30:16 [xn----7sbxacenejetrooc4c8eq6b.xn--p1ai][info] Preparing to upload a file (/home/s/sfsolmv9/municipaljnyy-yurist.rf/public_html/wp-content/uploads/2023/10/news-1.png) to a remote server (server_1).
24-05-2024 02:30:17 [xn----7sbxacenejetrooc4c8eq6b.xn--p1ai][info] File successfully uploaded to remote server (server_1).
24-05-2024 02:30:17 [xn----7sbxacenejetrooc4c8eq6b.xn--p1ai][info] Preparing to upload a file (/home/s/sfsolmv9/municipaljnyy-yurist.rf/public_html/wp-content/uploads/2023/10/news-1-150x150.png) to a remote server (server_1).
24-05-2024 02:30:17 [xn----7sbxacenejetrooc4c8eq6b.xn--p1ai][info] File successfully uploaded to remote server (server_1).
24-05-2024 02:30:17 [xn----7sbxacenejetrooc4c8eq6b.xn--p1ai][info] Preparing to upload a file (/home/s/sfsolmv9/municipaljnyy-yurist.rf/public_html/wp-content/uploads/2023/10/news-1-300x218.png) to a remote server (server_1).
24-05-2024 02:30:18 [xn----7sbxacenejetrooc4c8eq6b.xn--p1ai][info] File successfully uploaded to remote server (server_1).
24-05-2024 02:30:18 [xn----7sbxacenejetrooc4c8eq6b.xn--p1ai][debug] New queue created #16, attributes values: {"server_id":null,"object_id":"139","object_name":"","item_type":"attachment","item_hash":null,"item_hash_alternative":null,"result_status":"success","processing_level":"normal","is_backed_up":true,"original_size":311631,"final_size":135139,"original_mime_type":"image\/png","final_mime_type":"image\/png","extra_data":"{\"thumbnails_count\":2,\"original_main_size\":161224,\"class\":\"RIO_Attachment_Extra_Data\"}","created_at":1716507018}
24-05-2024 02:30:18 [xn----7sbxacenejetrooc4c8eq6b.xn--p1ai][info] End bulk optimization process! Scope: media-library. Remain: 38
-------------------------------
24-05-2024 02:30:18 [xn----7sbxacenejetrooc4c8eq6b.xn--p1ai][info] Start bulk optimization process! Scope: media-library
24-05-2024 02:30:18 [xn----7sbxacenejetrooc4c8eq6b.xn--p1ai][info] Preparing to upload a file (/home/s/sfsolmv9/municipaljnyy-yurist.rf/public_html/wp-content/uploads/2023/10/news-3.jpg) to a remote server (server_1).
24-05-2024 02:30:19 [xn----7sbxacenejetrooc4c8eq6b.xn--p1ai][info] File successfully uploaded to remote server (server_1).
24-05-2024 02:30:19 [xn----7sbxacenejetrooc4c8eq6b.xn--p1ai][info] Preparing to upload a file (/home/s/sfsolmv9/municipaljnyy-yurist.rf/public_html/wp-content/uploads/2023/10/news-3-150x150.jpg) to a remote server (server_1).
24-05-2024 02:30:19 [xn----7sbxacenejetrooc4c8eq6b.xn--p1ai][info] File successfully uploaded to remote server (server_1).
24-05-2024 02:30:19 [xn----7sbxacenejetrooc4c8eq6b.xn--p1ai][info] Preparing to upload a file (/home/s/sfsolmv9/municipaljnyy-yurist.rf/public_html/wp-content/uploads/2023/10/news-3-300x218.jpg) to a remote server (server_1).
24-05-2024 02:30:20 [xn----7sbxacenejetrooc4c8eq6b.xn--p1ai][info] File successfully uploaded to remote server (server_1).
24-05-2024 02:30:20 [xn----7sbxacenejetrooc4c8eq6b.xn--p1ai][debug] New queue created #17, attributes values: {"server_id":null,"object_id":"144","object_name":"","item_type":"attachment","item_hash":null,"item_hash_alternative":null,"result_status":"success","processing_level":"normal","is_backed_up":true,"original_size":124083,"final_size":71891,"original_mime_type":"image\/jpeg","final_mime_type":"image\/jpeg","extra_data":"{\"thumbnails_count\":2,\"original_main_size\":84350,\"class\":\"RIO_Attachment_Extra_Data\"}","created_at":1716507020}
24-05-2024 02:30:20 [xn----7sbxacenejetrooc4c8eq6b.xn--p1ai][info] End bulk optimization process! Scope: media-library. Remain: 37
-------------------------------
24-05-2024 02:30:20 [xn----7sbxacenejetrooc4c8eq6b.xn--p1ai][info] Start bulk optimization process! Scope: media-library
24-05-2024 02:30:20 [xn----7sbxacenejetrooc4c8eq6b.xn--p1ai][info] Preparing to upload a file (/home/s/sfsolmv9/municipaljnyy-yurist.rf/public_html/wp-content/uploads/2023/10/news-4.jpg) to a remote server (server_1).
24-05-2024 02:30:21 [xn----7sbxacenejetrooc4c8eq6b.xn--p1ai][info] File successfully uploaded to remote server (server_1).
24-05-2024 02:30:21 [xn----7sbxacenejetrooc4c8eq6b.xn--p1ai][info] Preparing to upload a file (/home/s/sfsolmv9/municipaljnyy-yurist.rf/public_html/wp-content/uploads/2023/10/news-4-150x150.jpg) to a remote server (server_1).
24-05-2024 02:30:21 [xn----7sbxacenejetrooc4c8eq6b.xn--p1ai][info] File successfully uploaded to remote server (server_1).
24-05-2024 02:30:21 [xn----7sbxacenejetrooc4c8eq6b.xn--p1ai][info] Preparing to upload a file (/home/s/sfsolmv9/municipaljnyy-yurist.rf/public_html/wp-content/uploads/2023/10/news-4-300x218.jpg) to a remote server (server_1).
24-05-2024 02:30:21 [xn----7sbxacenejetrooc4c8eq6b.xn--p1ai][info] File successfully uploaded to remote server (server_1).
24-05-2024 02:30:21 [xn----7sbxacenejetrooc4c8eq6b.xn--p1ai][debug] New queue created #18, attributes values: {"server_id":null,"object_id":"147","object_name":"","item_type":"attachment","item_hash":null,"item_hash_alternative":null,"result_status":"success","processing_level":"normal","is_backed_up":true,"original_size":103469,"final_size":65539,"original_mime_type":"image\/jpeg","final_mime_type":"image\/jpeg","extra_data":"{\"thumbnails_count\":2,\"original_main_size\":70901,\"class\":\"RIO_Attachment_Extra_Data\"}","created_at":1716507021}
24-05-2024 02:30:21 [xn----7sbxacenejetrooc4c8eq6b.xn--p1ai][info] End bulk optimization process! Scope: media-library. Remain: 36
-------------------------------
24-05-2024 02:30:22 [xn----7sbxacenejetrooc4c8eq6b.xn--p1ai][info] Start bulk optimization process! Scope: media-library
24-05-2024 02:30:22 [xn----7sbxacenejetrooc4c8eq6b.xn--p1ai][info] Preparing to upload a file (/home/s/sfsolmv9/municipaljnyy-yurist.rf/public_html/wp-content/uploads/2023/10/news-5.jpg) to a remote server (server_1).
24-05-2024 02:30:22 [xn----7sbxacenejetrooc4c8eq6b.xn--p1ai][info] File successfully uploaded to remote server (server_1).
24-05-2024 02:30:22 [xn----7sbxacenejetrooc4c8eq6b.xn--p1ai][info] Preparing to upload a file (/home/s/sfsolmv9/municipaljnyy-yurist.rf/public_html/wp-content/uploads/2023/10/news-5-150x150.jpg) to a remote server (server_1).
24-05-2024 02:30:22 [xn----7sbxacenejetrooc4c8eq6b.xn--p1ai][info] File successfully uploaded to remote server (server_1).
24-05-2024 02:30:23 [xn----7sbxacenejetrooc4c8eq6b.xn--p1ai][info] Preparing to upload a file (/home/s/sfsolmv9/municipaljnyy-yurist.rf/public_html/wp-content/uploads/2023/10/news-5-300x218.jpg) to a remote server (server_1).
24-05-2024 02:30:23 [xn----7sbxacenejetrooc4c8eq6b.xn--p1ai][info] File successfully uploaded to remote server (server_1).
24-05-2024 02:30:23 [xn----7sbxacenejetrooc4c8eq6b.xn--p1ai][debug] New queue created #19, attributes values: {"server_id":null,"object_id":"150","object_name":"","item_type":"attachment","item_hash":null,"item_hash_alternative":null,"result_status":"success","processing_level":"normal","is_backed_up":true,"original_size":137319,"final_size":79709,"original_mime_type":"image\/jpeg","final_mime_type":"image\/jpeg","extra_data":"{\"thumbnails_count\":2,\"original_main_size\":96400,\"class\":\"RIO_Attachment_Extra_Data\"}","created_at":1716507023}
24-05-2024 02:30:23 [xn----7sbxacenejetrooc4c8eq6b.xn--p1ai][info] End bulk optimization process! Scope: media-library. Remain: 35
-------------------------------
24-05-2024 02:30:24 [xn----7sbxacenejetrooc4c8eq6b.xn--p1ai][info] Start bulk optimization process! Scope: media-library
24-05-2024 02:30:24 [xn----7sbxacenejetrooc4c8eq6b.xn--p1ai][info] Preparing to upload a file (/home/s/sfsolmv9/municipaljnyy-yurist.rf/public_html/wp-content/uploads/2023/10/news-6.jpg) to a remote server (server_1).
24-05-2024 02:30:24 [xn----7sbxacenejetrooc4c8eq6b.xn--p1ai][info] File successfully uploaded to remote server (server_1).
24-05-2024 02:30:24 [xn----7sbxacenejetrooc4c8eq6b.xn--p1ai][info] Preparing to upload a file (/home/s/sfsolmv9/municipaljnyy-yurist.rf/public_html/wp-content/uploads/2023/10/news-6-150x150.jpg) to a remote server (server_1).
24-05-2024 02:30:24 [xn----7sbxacenejetrooc4c8eq6b.xn--p1ai][info] File successfully uploaded to remote server (server_1).
24-05-2024 02:30:24 [xn----7sbxacenejetrooc4c8eq6b.xn--p1ai][info] Preparing to upload a file (/home/s/sfsolmv9/municipaljnyy-yurist.rf/public_html/wp-content/uploads/2023/10/news-6-300x218.jpg) to a remote server (server_1).
24-05-2024 02:30:25 [xn----7sbxacenejetrooc4c8eq6b.xn--p1ai][info] File successfully uploaded to remote server (server_1).
24-05-2024 02:30:25 [xn----7sbxacenejetrooc4c8eq6b.xn--p1ai][debug] New queue created #20, attributes values: {"server_id":null,"object_id":"153","object_name":"","item_type":"attachment","item_hash":null,"item_hash_alternative":null,"result_status":"success","processing_level":"normal","is_backed_up":true,"original_size":111910,"final_size":69935,"original_mime_type":"image\/jpeg","final_mime_type":"image\/jpeg","extra_data":"{\"thumbnails_count\":2,\"original_main_size\":76847,\"class\":\"RIO_Attachment_Extra_Data\"}","created_at":1716507025}
24-05-2024 02:30:25 [xn----7sbxacenejetrooc4c8eq6b.xn--p1ai][info] End bulk optimization process! Scope: media-library. Remain: 34
-------------------------------
24-05-2024 02:30:25 [xn----7sbxacenejetrooc4c8eq6b.xn--p1ai][info] Start bulk optimization process! Scope: media-library
24-05-2024 02:30:25 [xn----7sbxacenejetrooc4c8eq6b.xn--p1ai][info] Try to create backup directory. Backup dir: (/home/s/sfsolmv9/municipaljnyy-yurist.rf/public_html/wp-content/uploads/wio_backup/2022/07)
24-05-2024 02:30:25 [xn----7sbxacenejetrooc4c8eq6b.xn--p1ai][info] Preparing to upload a file (/home/s/sfsolmv9/municipaljnyy-yurist.rf/public_html/wp-content/uploads/2022/07/whatsapp-image-2022-07-11-at-12.51.33.jpeg) to a remote server (server_1).
24-05-2024 02:30:26 [xn----7sbxacenejetrooc4c8eq6b.xn--p1ai][info] File successfully uploaded to remote server (server_1).
24-05-2024 02:30:26 [xn----7sbxacenejetrooc4c8eq6b.xn--p1ai][info] Preparing to upload a file (/home/s/sfsolmv9/municipaljnyy-yurist.rf/public_html/wp-content/uploads/2022/07/whatsapp-image-2022-07-11-at-12.51.33-150x150.jpeg) to a remote server (server_1).
24-05-2024 02:30:26 [xn----7sbxacenejetrooc4c8eq6b.xn--p1ai][info] File successfully uploaded to remote server (server_1).
24-05-2024 02:30:26 [xn----7sbxacenejetrooc4c8eq6b.xn--p1ai][info] Preparing to upload a file (/home/s/sfsolmv9/municipaljnyy-yurist.rf/public_html/wp-content/uploads/2022/07/whatsapp-image-2022-07-11-at-12.51.33-300x225.jpeg) to a remote server (server_1).
24-05-2024 02:30:27 [xn----7sbxacenejetrooc4c8eq6b.xn--p1ai][info] File successfully uploaded to remote server (server_1).
24-05-2024 02:30:27 [xn----7sbxacenejetrooc4c8eq6b.xn--p1ai][debug] New queue created #21, attributes values: {"server_id":null,"object_id":"156","object_name":"","item_type":"attachment","item_hash":null,"item_hash_alternative":null,"result_status":"success","processing_level":"normal","is_backed_up":true,"original_size":152777,"final_size":152602,"original_mime_type":"image\/jpeg","final_mime_type":"image\/jpeg","extra_data":"{\"thumbnails_count\":2,\"original_main_size\":131691,\"class\":\"RIO_Attachment_Extra_Data\"}","created_at":1716507027}
24-05-2024 02:30:27 [xn----7sbxacenejetrooc4c8eq6b.xn--p1ai][info] End bulk optimization process! Scope: media-library. Remain: 33
-------------------------------
24-05-2024 02:30:28 [xn----7sbxacenejetrooc4c8eq6b.xn--p1ai][info] Start bulk optimization process! Scope: media-library
24-05-2024 02:30:28 [xn----7sbxacenejetrooc4c8eq6b.xn--p1ai][info] Try to create backup directory. Backup dir: (/home/s/sfsolmv9/municipaljnyy-yurist.rf/public_html/wp-content/uploads/wio_backup/2019/10)
24-05-2024 02:30:28 [xn----7sbxacenejetrooc4c8eq6b.xn--p1ai][info] Preparing to upload a file (/home/s/sfsolmv9/municipaljnyy-yurist.rf/public_html/wp-content/uploads/2019/10/foto-zastavka.jpg) to a remote server (server_1).
24-05-2024 02:30:28 [xn----7sbxacenejetrooc4c8eq6b.xn--p1ai][info] File successfully uploaded to remote server (server_1).
24-05-2024 02:30:28 [xn----7sbxacenejetrooc4c8eq6b.xn--p1ai][info] Preparing to upload a file (/home/s/sfsolmv9/municipaljnyy-yurist.rf/public_html/wp-content/uploads/2019/10/foto-zastavka-150x150.jpg) to a remote server (server_1).
24-05-2024 02:30:28 [xn----7sbxacenejetrooc4c8eq6b.xn--p1ai][info] File successfully uploaded to remote server (server_1).
24-05-2024 02:30:29 [xn----7sbxacenejetrooc4c8eq6b.xn--p1ai][info] Preparing to upload a file (/home/s/sfsolmv9/municipaljnyy-yurist.rf/public_html/wp-content/uploads/2019/10/foto-zastavka-300x225.jpg) to a remote server (server_1).
24-05-2024 02:30:29 [xn----7sbxacenejetrooc4c8eq6b.xn--p1ai][info] File successfully uploaded to remote server (server_1).
24-05-2024 02:30:29 [xn----7sbxacenejetrooc4c8eq6b.xn--p1ai][debug] New queue created #22, attributes values: {"server_id":null,"object_id":"157","object_name":"","item_type":"attachment","item_hash":null,"item_hash_alternative":null,"result_status":"success","processing_level":"normal","is_backed_up":true,"original_size":80590,"final_size":80590,"original_mime_type":"image\/jpeg","final_mime_type":"image\/jpeg","extra_data":"{\"thumbnails_count\":2,\"original_main_size\":64208,\"class\":\"RIO_Attachment_Extra_Data\"}","created_at":1716507029}
24-05-2024 02:30:29 [xn----7sbxacenejetrooc4c8eq6b.xn--p1ai][info] End bulk optimization process! Scope: media-library. Remain: 32
-------------------------------
24-05-2024 02:30:29 [xn----7sbxacenejetrooc4c8eq6b.xn--p1ai][info] Start bulk optimization process! Scope: media-library
24-05-2024 02:30:30 [xn----7sbxacenejetrooc4c8eq6b.xn--p1ai][info] Preparing to upload a file (/home/s/sfsolmv9/municipaljnyy-yurist.rf/public_html/wp-content/uploads/2019/10/3-scaled.jpg) to a remote server (server_1).
24-05-2024 02:30:30 [xn----7sbxacenejetrooc4c8eq6b.xn--p1ai][info] File successfully uploaded to remote server (server_1).
24-05-2024 02:30:30 [xn----7sbxacenejetrooc4c8eq6b.xn--p1ai][info] Preparing to upload a file (/home/s/sfsolmv9/municipaljnyy-yurist.rf/public_html/wp-content/uploads/2019/10/3-150x150.jpg) to a remote server (server_1).
24-05-2024 02:30:31 [xn----7sbxacenejetrooc4c8eq6b.xn--p1ai][info] File successfully uploaded to remote server (server_1).
24-05-2024 02:30:31 [xn----7sbxacenejetrooc4c8eq6b.xn--p1ai][info] Preparing to upload a file (/home/s/sfsolmv9/municipaljnyy-yurist.rf/public_html/wp-content/uploads/2019/10/3-300x169.jpg) to a remote server (server_1).
24-05-2024 02:30:31 [xn----7sbxacenejetrooc4c8eq6b.xn--p1ai][info] File successfully uploaded to remote server (server_1).
24-05-2024 02:30:31 [xn----7sbxacenejetrooc4c8eq6b.xn--p1ai][debug] New queue created #23, attributes values: {"server_id":null,"object_id":"158","object_name":"","item_type":"attachment","item_hash":null,"item_hash_alternative":null,"result_status":"success","processing_level":"normal","is_backed_up":true,"original_size":304168,"final_size":160305,"original_mime_type":"image\/jpeg","final_mime_type":"image\/jpeg","extra_data":"{\"thumbnails_count\":2,\"original_main_size\":272795,\"class\":\"RIO_Attachment_Extra_Data\"}","created_at":1716507031}
24-05-2024 02:30:31 [xn----7sbxacenejetrooc4c8eq6b.xn--p1ai][info] End bulk optimization process! Scope: media-library. Remain: 31
-------------------------------
24-05-2024 02:30:31 [xn----7sbxacenejetrooc4c8eq6b.xn--p1ai][info] Start bulk optimization process! Scope: media-library
24-05-2024 02:30:31 [xn----7sbxacenejetrooc4c8eq6b.xn--p1ai][info] Preparing to upload a file (/home/s/sfsolmv9/municipaljnyy-yurist.rf/public_html/wp-content/uploads/2019/10/img-20190627-wa0009.jpg) to a remote server (server_1).
24-05-2024 02:30:32 [xn----7sbxacenejetrooc4c8eq6b.xn--p1ai][info] File successfully uploaded to remote server (server_1).
24-05-2024 02:30:32 [xn----7sbxacenejetrooc4c8eq6b.xn--p1ai][info] Preparing to upload a file (/home/s/sfsolmv9/municipaljnyy-yurist.rf/public_html/wp-content/uploads/2019/10/img-20190627-wa0009-150x150.jpg) to a remote server (server_1).
24-05-2024 02:30:32 [xn----7sbxacenejetrooc4c8eq6b.xn--p1ai][info] File successfully uploaded to remote server (server_1).
24-05-2024 02:30:32 [xn----7sbxacenejetrooc4c8eq6b.xn--p1ai][info] Preparing to upload a file (/home/s/sfsolmv9/municipaljnyy-yurist.rf/public_html/wp-content/uploads/2019/10/img-20190627-wa0009-300x225.jpg) to a remote server (server_1).
24-05-2024 02:30:32 [xn----7sbxacenejetrooc4c8eq6b.xn--p1ai][info] File successfully uploaded to remote server (server_1).
24-05-2024 02:30:33 [xn----7sbxacenejetrooc4c8eq6b.xn--p1ai][debug] New queue created #24, attributes values: {"server_id":null,"object_id":"159","object_name":"","item_type":"attachment","item_hash":null,"item_hash_alternative":null,"result_status":"success","processing_level":"normal","is_backed_up":true,"original_size":117671,"final_size":116649,"original_mime_type":"image\/jpeg","final_mime_type":"image\/jpeg","extra_data":"{\"thumbnails_count\":2,\"original_main_size\":96052,\"class\":\"RIO_Attachment_Extra_Data\"}","created_at":1716507033}
24-05-2024 02:30:33 [xn----7sbxacenejetrooc4c8eq6b.xn--p1ai][info] End bulk optimization process! Scope: media-library. Remain: 30
-------------------------------
24-05-2024 02:30:33 [xn----7sbxacenejetrooc4c8eq6b.xn--p1ai][info] Start bulk optimization process! Scope: media-library
24-05-2024 02:30:33 [xn----7sbxacenejetrooc4c8eq6b.xn--p1ai][info] Preparing to upload a file (/home/s/sfsolmv9/municipaljnyy-yurist.rf/public_html/wp-content/uploads/2023/10/950771.png) to a remote server (server_1).
24-05-2024 02:30:33 [xn----7sbxacenejetrooc4c8eq6b.xn--p1ai][info] File successfully uploaded to remote server (server_1).
24-05-2024 02:30:34 [xn----7sbxacenejetrooc4c8eq6b.xn--p1ai][info] Preparing to upload a file (/home/s/sfsolmv9/municipaljnyy-yurist.rf/public_html/wp-content/uploads/2023/10/950771-150x150.png) to a remote server (server_1).
24-05-2024 02:30:34 [xn----7sbxacenejetrooc4c8eq6b.xn--p1ai][info] File successfully uploaded to remote server (server_1).
24-05-2024 02:30:34 [xn----7sbxacenejetrooc4c8eq6b.xn--p1ai][info] Preparing to upload a file (/home/s/sfsolmv9/municipaljnyy-yurist.rf/public_html/wp-content/uploads/2023/10/950771-300x300.png) to a remote server (server_1).
24-05-2024 02:30:34 [xn----7sbxacenejetrooc4c8eq6b.xn--p1ai][info] File successfully uploaded to remote server (server_1).
24-05-2024 02:30:34 [xn----7sbxacenejetrooc4c8eq6b.xn--p1ai][debug] New queue created #25, attributes values: {"server_id":null,"object_id":"162","object_name":"","item_type":"attachment","item_hash":null,"item_hash_alternative":null,"result_status":"success","processing_level":"normal","is_backed_up":true,"original_size":85258,"final_size":33465,"original_mime_type":"image\/png","final_mime_type":"image\/png","extra_data":"{\"thumbnails_count\":2,\"original_main_size\":51762,\"class\":\"RIO_Attachment_Extra_Data\"}","created_at":1716507034}
24-05-2024 02:30:34 [xn----7sbxacenejetrooc4c8eq6b.xn--p1ai][info] End bulk optimization process! Scope: media-library. Remain: 29
-------------------------------
24-05-2024 02:30:35 [xn----7sbxacenejetrooc4c8eq6b.xn--p1ai][info] Start bulk optimization process! Scope: media-library
24-05-2024 02:30:35 [xn----7sbxacenejetrooc4c8eq6b.xn--p1ai][info] Preparing to upload a file (/home/s/sfsolmv9/municipaljnyy-yurist.rf/public_html/wp-content/uploads/2023/10/form-image.png) to a remote server (server_1).
24-05-2024 02:30:35 [xn----7sbxacenejetrooc4c8eq6b.xn--p1ai][info] File successfully uploaded to remote server (server_1).
24-05-2024 02:30:35 [xn----7sbxacenejetrooc4c8eq6b.xn--p1ai][info] Preparing to upload a file (/home/s/sfsolmv9/municipaljnyy-yurist.rf/public_html/wp-content/uploads/2023/10/form-image-150x150.png) to a remote server (server_1).
24-05-2024 02:30:35 [xn----7sbxacenejetrooc4c8eq6b.xn--p1ai][info] File successfully uploaded to remote server (server_1).
24-05-2024 02:30:35 [xn----7sbxacenejetrooc4c8eq6b.xn--p1ai][info] Preparing to upload a file (/home/s/sfsolmv9/municipaljnyy-yurist.rf/public_html/wp-content/uploads/2023/10/form-image-231x300.png) to a remote server (server_1).
24-05-2024 02:30:35 [xn----7sbxacenejetrooc4c8eq6b.xn--p1ai][info] File successfully uploaded to remote server (server_1).
24-05-2024 02:30:36 [xn----7sbxacenejetrooc4c8eq6b.xn--p1ai][debug] New queue created #26, attributes values: {"server_id":null,"object_id":"164","object_name":"","item_type":"attachment","item_hash":null,"item_hash_alternative":null,"result_status":"success","processing_level":"normal","is_backed_up":true,"original_size":47929,"final_size":17810,"original_mime_type":"image\/png","final_mime_type":"image\/png","extra_data":"{\"thumbnails_count\":2,\"original_main_size\":33374,\"class\":\"RIO_Attachment_Extra_Data\"}","created_at":1716507036}
24-05-2024 02:30:36 [xn----7sbxacenejetrooc4c8eq6b.xn--p1ai][info] End bulk optimization process! Scope: media-library. Remain: 28
-------------------------------
24-05-2024 02:30:36 [xn----7sbxacenejetrooc4c8eq6b.xn--p1ai][info] Start bulk optimization process! Scope: media-library
24-05-2024 02:30:36 [xn----7sbxacenejetrooc4c8eq6b.xn--p1ai][info] Preparing to upload a file (/home/s/sfsolmv9/municipaljnyy-yurist.rf/public_html/wp-content/uploads/2023/10/footer-logo.png) to a remote server (server_1).
24-05-2024 02:30:36 [xn----7sbxacenejetrooc4c8eq6b.xn--p1ai][info] File successfully uploaded to remote server (server_1).
24-05-2024 02:30:36 [xn----7sbxacenejetrooc4c8eq6b.xn--p1ai][info] Preparing to upload a file (/home/s/sfsolmv9/municipaljnyy-yurist.rf/public_html/wp-content/uploads/2023/10/footer-logo-150x44.png) to a remote server (server_1).
24-05-2024 02:30:36 [xn----7sbxacenejetrooc4c8eq6b.xn--p1ai][info] File successfully uploaded to remote server (server_1).
24-05-2024 02:30:37 [xn----7sbxacenejetrooc4c8eq6b.xn--p1ai][debug] New queue created #27, attributes values: {"server_id":null,"object_id":"185","object_name":"","item_type":"attachment","item_hash":null,"item_hash_alternative":null,"result_status":"success","processing_level":"normal","is_backed_up":true,"original_size":10197,"final_size":8470,"original_mime_type":"image\/png","final_mime_type":"image\/png","extra_data":"{\"thumbnails_count\":1,\"original_main_size\":6892,\"class\":\"RIO_Attachment_Extra_Data\"}","created_at":1716507037}
24-05-2024 02:30:37 [xn----7sbxacenejetrooc4c8eq6b.xn--p1ai][info] End bulk optimization process! Scope: media-library. Remain: 27
-------------------------------
24-05-2024 02:30:37 [xn----7sbxacenejetrooc4c8eq6b.xn--p1ai][info] Start bulk optimization process! Scope: media-library
24-05-2024 02:30:37 [xn----7sbxacenejetrooc4c8eq6b.xn--p1ai][info] Preparing to upload a file (/home/s/sfsolmv9/municipaljnyy-yurist.rf/public_html/wp-content/uploads/2023/10/course-1.jpg) to a remote server (server_1).
24-05-2024 02:30:37 [xn----7sbxacenejetrooc4c8eq6b.xn--p1ai][info] File successfully uploaded to remote server (server_1).
24-05-2024 02:30:38 [xn----7sbxacenejetrooc4c8eq6b.xn--p1ai][info] Preparing to upload a file (/home/s/sfsolmv9/municipaljnyy-yurist.rf/public_html/wp-content/uploads/2023/10/course-1-150x150.jpg) to a remote server (server_1).
24-05-2024 02:30:38 [xn----7sbxacenejetrooc4c8eq6b.xn--p1ai][info] File successfully uploaded to remote server (server_1).
24-05-2024 02:30:38 [xn----7sbxacenejetrooc4c8eq6b.xn--p1ai][info] Preparing to upload a file (/home/s/sfsolmv9/municipaljnyy-yurist.rf/public_html/wp-content/uploads/2023/10/course-1-300x300.jpg) to a remote server (server_1).
24-05-2024 02:30:38 [xn----7sbxacenejetrooc4c8eq6b.xn--p1ai][info] File successfully uploaded to remote server (server_1).
24-05-2024 02:30:38 [xn----7sbxacenejetrooc4c8eq6b.xn--p1ai][debug] New queue created #28, attributes values: {"server_id":null,"object_id":"202","object_name":"","item_type":"attachment","item_hash":null,"item_hash_alternative":null,"result_status":"success","processing_level":"normal","is_backed_up":true,"original_size":129936,"final_size":119499,"original_mime_type":"image\/jpeg","final_mime_type":"image\/jpeg","extra_data":"{\"thumbnails_count\":2,\"original_main_size\":109906,\"class\":\"RIO_Attachment_Extra_Data\"}","created_at":1716507038}
24-05-2024 02:30:38 [xn----7sbxacenejetrooc4c8eq6b.xn--p1ai][info] End bulk optimization process! Scope: media-library. Remain: 26
-------------------------------
24-05-2024 02:30:39 [xn----7sbxacenejetrooc4c8eq6b.xn--p1ai][info] Start bulk optimization process! Scope: media-library
24-05-2024 02:30:39 [xn----7sbxacenejetrooc4c8eq6b.xn--p1ai][info] Preparing to upload a file (/home/s/sfsolmv9/municipaljnyy-yurist.rf/public_html/wp-content/uploads/2023/10/programm-1.jpeg) to a remote server (server_1).
24-05-2024 02:30:39 [xn----7sbxacenejetrooc4c8eq6b.xn--p1ai][info] File successfully uploaded to remote server (server_1).
24-05-2024 02:30:39 [xn----7sbxacenejetrooc4c8eq6b.xn--p1ai][info] Preparing to upload a file (/home/s/sfsolmv9/municipaljnyy-yurist.rf/public_html/wp-content/uploads/2023/10/programm-1-150x150.jpeg) to a remote server (server_1).
24-05-2024 02:30:40 [xn----7sbxacenejetrooc4c8eq6b.xn--p1ai][info] File successfully uploaded to remote server (server_1).
24-05-2024 02:30:40 [xn----7sbxacenejetrooc4c8eq6b.xn--p1ai][info] Preparing to upload a file (/home/s/sfsolmv9/municipaljnyy-yurist.rf/public_html/wp-content/uploads/2023/10/programm-1-300x300.jpeg) to a remote server (server_1).
24-05-2024 02:30:40 [xn----7sbxacenejetrooc4c8eq6b.xn--p1ai][info] File successfully uploaded to remote server (server_1).
24-05-2024 02:30:40 [xn----7sbxacenejetrooc4c8eq6b.xn--p1ai][debug] New queue created #29, attributes values: {"server_id":null,"object_id":"215","object_name":"","item_type":"attachment","item_hash":null,"item_hash_alternative":null,"result_status":"success","processing_level":"normal","is_backed_up":true,"original_size":194765,"final_size":185201,"original_mime_type":"image\/jpeg","final_mime_type":"image\/jpeg","extra_data":"{\"thumbnails_count\":2,\"original_main_size\":163837,\"class\":\"RIO_Attachment_Extra_Data\"}","created_at":1716507040}
24-05-2024 02:30:40 [xn----7sbxacenejetrooc4c8eq6b.xn--p1ai][info] End bulk optimization process! Scope: media-library. Remain: 25
-------------------------------
24-05-2024 02:30:41 [xn----7sbxacenejetrooc4c8eq6b.xn--p1ai][info] Start bulk optimization process! Scope: media-library
24-05-2024 02:30:41 [xn----7sbxacenejetrooc4c8eq6b.xn--p1ai][info] Preparing to upload a file (/home/s/sfsolmv9/municipaljnyy-yurist.rf/public_html/wp-content/uploads/2023/10/programm-2.jpeg) to a remote server (server_1).
24-05-2024 02:30:41 [xn----7sbxacenejetrooc4c8eq6b.xn--p1ai][info] File successfully uploaded to remote server (server_1).
24-05-2024 02:30:41 [xn----7sbxacenejetrooc4c8eq6b.xn--p1ai][info] Preparing to upload a file (/home/s/sfsolmv9/municipaljnyy-yurist.rf/public_html/wp-content/uploads/2023/10/programm-2-150x150.jpeg) to a remote server (server_1).
24-05-2024 02:30:42 [xn----7sbxacenejetrooc4c8eq6b.xn--p1ai][info] File successfully uploaded to remote server (server_1).
24-05-2024 02:30:42 [xn----7sbxacenejetrooc4c8eq6b.xn--p1ai][info] Preparing to upload a file (/home/s/sfsolmv9/municipaljnyy-yurist.rf/public_html/wp-content/uploads/2023/10/programm-2-300x300.jpeg) to a remote server (server_1).
24-05-2024 02:30:42 [xn----7sbxacenejetrooc4c8eq6b.xn--p1ai][info] File successfully uploaded to remote server (server_1).
24-05-2024 02:30:42 [xn----7sbxacenejetrooc4c8eq6b.xn--p1ai][debug] New queue created #30, attributes values: {"server_id":null,"object_id":"219","object_name":"","item_type":"attachment","item_hash":null,"item_hash_alternative":null,"result_status":"success","processing_level":"normal","is_backed_up":true,"original_size":142974,"final_size":135363,"original_mime_type":"image\/jpeg","final_mime_type":"image\/jpeg","extra_data":"{\"thumbnails_count\":2,\"original_main_size\":124747,\"class\":\"RIO_Attachment_Extra_Data\"}","created_at":1716507042}
24-05-2024 02:30:42 [xn----7sbxacenejetrooc4c8eq6b.xn--p1ai][info] End bulk optimization process! Scope: media-library. Remain: 24
-------------------------------
24-05-2024 02:30:43 [xn----7sbxacenejetrooc4c8eq6b.xn--p1ai][info] Start bulk optimization process! Scope: media-library
24-05-2024 02:30:43 [xn----7sbxacenejetrooc4c8eq6b.xn--p1ai][info] Preparing to upload a file (/home/s/sfsolmv9/municipaljnyy-yurist.rf/public_html/wp-content/uploads/2023/10/programm-3.jpeg) to a remote server (server_1).
24-05-2024 02:30:43 [xn----7sbxacenejetrooc4c8eq6b.xn--p1ai][info] File successfully uploaded to remote server (server_1).
24-05-2024 02:30:43 [xn----7sbxacenejetrooc4c8eq6b.xn--p1ai][info] Preparing to upload a file (/home/s/sfsolmv9/municipaljnyy-yurist.rf/public_html/wp-content/uploads/2023/10/programm-3-150x150.jpeg) to a remote server (server_1).
24-05-2024 02:30:43 [xn----7sbxacenejetrooc4c8eq6b.xn--p1ai][info] File successfully uploaded to remote server (server_1).
24-05-2024 02:30:44 [xn----7sbxacenejetrooc4c8eq6b.xn--p1ai][info] Preparing to upload a file (/home/s/sfsolmv9/municipaljnyy-yurist.rf/public_html/wp-content/uploads/2023/10/programm-3-300x300.jpeg) to a remote server (server_1).
24-05-2024 02:30:44 [xn----7sbxacenejetrooc4c8eq6b.xn--p1ai][info] File successfully uploaded to remote server (server_1).
24-05-2024 02:30:44 [xn----7sbxacenejetrooc4c8eq6b.xn--p1ai][debug] New queue created #31, attributes values: {"server_id":null,"object_id":"221","object_name":"","item_type":"attachment","item_hash":null,"item_hash_alternative":null,"result_status":"success","processing_level":"normal","is_backed_up":true,"original_size":173497,"final_size":167266,"original_mime_type":"image\/jpeg","final_mime_type":"image\/jpeg","extra_data":"{\"thumbnails_count\":2,\"original_main_size\":141977,\"class\":\"RIO_Attachment_Extra_Data\"}","created_at":1716507044}
24-05-2024 02:30:44 [xn----7sbxacenejetrooc4c8eq6b.xn--p1ai][info] End bulk optimization process! Scope: media-library. Remain: 23
-------------------------------
24-05-2024 02:30:44 [xn----7sbxacenejetrooc4c8eq6b.xn--p1ai][info] Start bulk optimization process! Scope: media-library
24-05-2024 02:30:44 [xn----7sbxacenejetrooc4c8eq6b.xn--p1ai][info] Preparing to upload a file (/home/s/sfsolmv9/municipaljnyy-yurist.rf/public_html/wp-content/uploads/2023/10/programm-4.jpeg) to a remote server (server_1).
24-05-2024 02:30:45 [xn----7sbxacenejetrooc4c8eq6b.xn--p1ai][info] File successfully uploaded to remote server (server_1).
24-05-2024 02:30:45 [xn----7sbxacenejetrooc4c8eq6b.xn--p1ai][info] Preparing to upload a file (/home/s/sfsolmv9/municipaljnyy-yurist.rf/public_html/wp-content/uploads/2023/10/programm-4-150x150.jpeg) to a remote server (server_1).
24-05-2024 02:30:45 [xn----7sbxacenejetrooc4c8eq6b.xn--p1ai][info] File successfully uploaded to remote server (server_1).
24-05-2024 02:30:45 [xn----7sbxacenejetrooc4c8eq6b.xn--p1ai][info] Preparing to upload a file (/home/s/sfsolmv9/municipaljnyy-yurist.rf/public_html/wp-content/uploads/2023/10/programm-4-300x300.jpeg) to a remote server (server_1).
24-05-2024 02:30:46 [xn----7sbxacenejetrooc4c8eq6b.xn--p1ai][info] File successfully uploaded to remote server (server_1).
24-05-2024 02:30:46 [xn----7sbxacenejetrooc4c8eq6b.xn--p1ai][debug] New queue created #32, attributes values: {"server_id":null,"object_id":"223","object_name":"","item_type":"attachment","item_hash":null,"item_hash_alternative":null,"result_status":"success","processing_level":"normal","is_backed_up":true,"original_size":134771,"final_size":127068,"original_mime_type":"image\/jpeg","final_mime_type":"image\/jpeg","extra_data":"{\"thumbnails_count\":2,\"original_main_size\":105836,\"class\":\"RIO_Attachment_Extra_Data\"}","created_at":1716507046}
24-05-2024 02:30:46 [xn----7sbxacenejetrooc4c8eq6b.xn--p1ai][info] End bulk optimization process! Scope: media-library. Remain: 22
-------------------------------
24-05-2024 02:30:46 [xn----7sbxacenejetrooc4c8eq6b.xn--p1ai][info] Start bulk optimization process! Scope: media-library
24-05-2024 02:30:46 [xn----7sbxacenejetrooc4c8eq6b.xn--p1ai][info] Try to create backup directory. Backup dir: (/home/s/sfsolmv9/municipaljnyy-yurist.rf/public_html/wp-content/uploads/wio_backup/2023/11)
24-05-2024 02:30:46 [xn----7sbxacenejetrooc4c8eq6b.xn--p1ai][info] Preparing to upload a file (/home/s/sfsolmv9/municipaljnyy-yurist.rf/public_html/wp-content/uploads/2023/11/programm-5.jpeg) to a remote server (server_1).
24-05-2024 02:30:46 [xn----7sbxacenejetrooc4c8eq6b.xn--p1ai][info] File successfully uploaded to remote server (server_1).
24-05-2024 02:30:47 [xn----7sbxacenejetrooc4c8eq6b.xn--p1ai][info] Preparing to upload a file (/home/s/sfsolmv9/municipaljnyy-yurist.rf/public_html/wp-content/uploads/2023/11/programm-5-150x150.jpeg) to a remote server (server_1).
24-05-2024 02:30:47 [xn----7sbxacenejetrooc4c8eq6b.xn--p1ai][info] File successfully uploaded to remote server (server_1).
24-05-2024 02:30:47 [xn----7sbxacenejetrooc4c8eq6b.xn--p1ai][info] Preparing to upload a file (/home/s/sfsolmv9/municipaljnyy-yurist.rf/public_html/wp-content/uploads/2023/11/programm-5-300x300.jpeg) to a remote server (server_1).
24-05-2024 02:30:47 [xn----7sbxacenejetrooc4c8eq6b.xn--p1ai][info] File successfully uploaded to remote server (server_1).
24-05-2024 02:30:47 [xn----7sbxacenejetrooc4c8eq6b.xn--p1ai][debug] New queue created #33, attributes values: {"server_id":null,"object_id":"225","object_name":"","item_type":"attachment","item_hash":null,"item_hash_alternative":null,"result_status":"success","processing_level":"normal","is_backed_up":true,"original_size":205499,"final_size":198831,"original_mime_type":"image\/jpeg","final_mime_type":"image\/jpeg","extra_data":"{\"thumbnails_count\":2,\"original_main_size\":178462,\"class\":\"RIO_Attachment_Extra_Data\"}","created_at":1716507047}
24-05-2024 02:30:47 [xn----7sbxacenejetrooc4c8eq6b.xn--p1ai][info] End bulk optimization process! Scope: media-library. Remain: 21
-------------------------------
24-05-2024 02:30:48 [xn----7sbxacenejetrooc4c8eq6b.xn--p1ai][info] Start bulk optimization process! Scope: media-library
24-05-2024 02:30:48 [xn----7sbxacenejetrooc4c8eq6b.xn--p1ai][info] Preparing to upload a file (/home/s/sfsolmv9/municipaljnyy-yurist.rf/public_html/wp-content/uploads/2023/11/foto-solovev-354x472-1.jpg) to a remote server (server_1).
24-05-2024 02:30:48 [xn----7sbxacenejetrooc4c8eq6b.xn--p1ai][info] File successfully uploaded to remote server (server_1).
24-05-2024 02:30:48 [xn----7sbxacenejetrooc4c8eq6b.xn--p1ai][info] Preparing to upload a file (/home/s/sfsolmv9/municipaljnyy-yurist.rf/public_html/wp-content/uploads/2023/11/foto-solovev-354x472-1-150x150.jpg) to a remote server (server_1).
24-05-2024 02:30:49 [xn----7sbxacenejetrooc4c8eq6b.xn--p1ai][info] File successfully uploaded to remote server (server_1).
24-05-2024 02:30:49 [xn----7sbxacenejetrooc4c8eq6b.xn--p1ai][info] Preparing to upload a file (/home/s/sfsolmv9/municipaljnyy-yurist.rf/public_html/wp-content/uploads/2023/11/foto-solovev-354x472-1-225x300.jpg) to a remote server (server_1).
24-05-2024 02:30:49 [xn----7sbxacenejetrooc4c8eq6b.xn--p1ai][info] File successfully uploaded to remote server (server_1).
24-05-2024 02:30:49 [xn----7sbxacenejetrooc4c8eq6b.xn--p1ai][debug] New queue created #34, attributes values: {"server_id":null,"object_id":"249","object_name":"","item_type":"attachment","item_hash":null,"item_hash_alternative":null,"result_status":"success","processing_level":"normal","is_backed_up":true,"original_size":89844,"final_size":88759,"original_mime_type":"image\/jpeg","final_mime_type":"image\/jpeg","extra_data":"{\"thumbnails_count\":2,\"original_main_size\":43246,\"class\":\"RIO_Attachment_Extra_Data\"}","created_at":1716507049}
24-05-2024 02:30:49 [xn----7sbxacenejetrooc4c8eq6b.xn--p1ai][info] End bulk optimization process! Scope: media-library. Remain: 20
-------------------------------
24-05-2024 02:30:50 [xn----7sbxacenejetrooc4c8eq6b.xn--p1ai][info] Start bulk optimization process! Scope: media-library
24-05-2024 02:30:50 [xn----7sbxacenejetrooc4c8eq6b.xn--p1ai][info] Preparing to upload a file (/home/s/sfsolmv9/municipaljnyy-yurist.rf/public_html/wp-content/uploads/2023/11/mest.png) to a remote server (server_1).
24-05-2024 02:30:50 [xn----7sbxacenejetrooc4c8eq6b.xn--p1ai][info] File successfully uploaded to remote server (server_1).
24-05-2024 02:30:50 [xn----7sbxacenejetrooc4c8eq6b.xn--p1ai][info] Preparing to upload a file (/home/s/sfsolmv9/municipaljnyy-yurist.rf/public_html/wp-content/uploads/2023/11/mest-150x150.png) to a remote server (server_1).
24-05-2024 02:30:51 [xn----7sbxacenejetrooc4c8eq6b.xn--p1ai][info] File successfully uploaded to remote server (server_1).
24-05-2024 02:30:51 [xn----7sbxacenejetrooc4c8eq6b.xn--p1ai][info] Preparing to upload a file (/home/s/sfsolmv9/municipaljnyy-yurist.rf/public_html/wp-content/uploads/2023/11/mest-225x300.png) to a remote server (server_1).
24-05-2024 02:30:51 [xn----7sbxacenejetrooc4c8eq6b.xn--p1ai][info] File successfully uploaded to remote server (server_1).
24-05-2024 02:30:51 [xn----7sbxacenejetrooc4c8eq6b.xn--p1ai][debug] New queue created #35, attributes values: {"server_id":null,"object_id":"250","object_name":"","item_type":"attachment","item_hash":null,"item_hash_alternative":null,"result_status":"success","processing_level":"normal","is_backed_up":true,"original_size":293889,"final_size":138274,"original_mime_type":"image\/png","final_mime_type":"image\/png","extra_data":"{\"thumbnails_count\":2,\"original_main_size\":180761,\"class\":\"RIO_Attachment_Extra_Data\"}","created_at":1716507051}
24-05-2024 02:30:51 [xn----7sbxacenejetrooc4c8eq6b.xn--p1ai][info] End bulk optimization process! Scope: media-library. Remain: 19
-------------------------------
24-05-2024 02:30:52 [xn----7sbxacenejetrooc4c8eq6b.xn--p1ai][info] Start bulk optimization process! Scope: media-library
24-05-2024 02:30:52 [xn----7sbxacenejetrooc4c8eq6b.xn--p1ai][info] Preparing to upload a file (/home/s/sfsolmv9/municipaljnyy-yurist.rf/public_html/wp-content/uploads/2023/11/luk.png) to a remote server (server_1).
24-05-2024 02:30:52 [xn----7sbxacenejetrooc4c8eq6b.xn--p1ai][info] File successfully uploaded to remote server (server_1).
24-05-2024 02:30:52 [xn----7sbxacenejetrooc4c8eq6b.xn--p1ai][info] Preparing to upload a file (/home/s/sfsolmv9/municipaljnyy-yurist.rf/public_html/wp-content/uploads/2023/11/luk-150x150.png) to a remote server (server_1).
24-05-2024 02:30:53 [xn----7sbxacenejetrooc4c8eq6b.xn--p1ai][info] File successfully uploaded to remote server (server_1).
24-05-2024 02:30:53 [xn----7sbxacenejetrooc4c8eq6b.xn--p1ai][info] Preparing to upload a file (/home/s/sfsolmv9/municipaljnyy-yurist.rf/public_html/wp-content/uploads/2023/11/luk-225x300.png) to a remote server (server_1).
24-05-2024 02:30:53 [xn----7sbxacenejetrooc4c8eq6b.xn--p1ai][info] File successfully uploaded to remote server (server_1).
24-05-2024 02:30:53 [xn----7sbxacenejetrooc4c8eq6b.xn--p1ai][debug] New queue created #36, attributes values: {"server_id":null,"object_id":"251","object_name":"","item_type":"attachment","item_hash":null,"item_hash_alternative":null,"result_status":"success","processing_level":"normal","is_backed_up":true,"original_size":167005,"final_size":92979,"original_mime_type":"image\/png","final_mime_type":"image\/png","extra_data":"{\"thumbnails_count\":2,\"original_main_size\":99398,\"class\":\"RIO_Attachment_Extra_Data\"}","created_at":1716507053}
24-05-2024 02:30:53 [xn----7sbxacenejetrooc4c8eq6b.xn--p1ai][info] End bulk optimization process! Scope: media-library. Remain: 18
-------------------------------
24-05-2024 02:30:54 [xn----7sbxacenejetrooc4c8eq6b.xn--p1ai][info] Start bulk optimization process! Scope: media-library
24-05-2024 02:30:54 [xn----7sbxacenejetrooc4c8eq6b.xn--p1ai][info] Preparing to upload a file (/home/s/sfsolmv9/municipaljnyy-yurist.rf/public_html/wp-content/uploads/2019/10/img_20191015_164231_615.jpg) to a remote server (server_1).
24-05-2024 02:30:54 [xn----7sbxacenejetrooc4c8eq6b.xn--p1ai][info] File successfully uploaded to remote server (server_1).
24-05-2024 02:30:54 [xn----7sbxacenejetrooc4c8eq6b.xn--p1ai][info] Preparing to upload a file (/home/s/sfsolmv9/municipaljnyy-yurist.rf/public_html/wp-content/uploads/2019/10/img_20191015_164231_615-150x150.jpg) to a remote server (server_1).
24-05-2024 02:30:54 [xn----7sbxacenejetrooc4c8eq6b.xn--p1ai][info] File successfully uploaded to remote server (server_1).
24-05-2024 02:30:54 [xn----7sbxacenejetrooc4c8eq6b.xn--p1ai][info] Preparing to upload a file (/home/s/sfsolmv9/municipaljnyy-yurist.rf/public_html/wp-content/uploads/2019/10/img_20191015_164231_615-300x300.jpg) to a remote server (server_1).
24-05-2024 02:30:55 [xn----7sbxacenejetrooc4c8eq6b.xn--p1ai][info] File successfully uploaded to remote server (server_1).
24-05-2024 02:30:55 [xn----7sbxacenejetrooc4c8eq6b.xn--p1ai][debug] New queue created #37, attributes values: {"server_id":null,"object_id":"270","object_name":"","item_type":"attachment","item_hash":null,"item_hash_alternative":null,"result_status":"success","processing_level":"normal","is_backed_up":true,"original_size":70396,"final_size":70396,"original_mime_type":"image\/jpeg","final_mime_type":"image\/jpeg","extra_data":"{\"thumbnails_count\":2,\"original_main_size\":48650,\"class\":\"RIO_Attachment_Extra_Data\"}","created_at":1716507055}
24-05-2024 02:30:55 [xn----7sbxacenejetrooc4c8eq6b.xn--p1ai][info] End bulk optimization process! Scope: media-library. Remain: 17
-------------------------------
24-05-2024 02:30:55 [xn----7sbxacenejetrooc4c8eq6b.xn--p1ai][info] Start bulk optimization process! Scope: media-library
24-05-2024 02:30:55 [xn----7sbxacenejetrooc4c8eq6b.xn--p1ai][info] Preparing to upload a file (/home/s/sfsolmv9/municipaljnyy-yurist.rf/public_html/wp-content/uploads/2019/10/img_20191015_164231_615-1.jpg) to a remote server (server_1).
24-05-2024 02:30:56 [xn----7sbxacenejetrooc4c8eq6b.xn--p1ai][info] File successfully uploaded to remote server (server_1).
24-05-2024 02:30:56 [xn----7sbxacenejetrooc4c8eq6b.xn--p1ai][info] Preparing to upload a file (/home/s/sfsolmv9/municipaljnyy-yurist.rf/public_html/wp-content/uploads/2019/10/img_20191015_164231_615-1-150x150.jpg) to a remote server (server_1).
24-05-2024 02:30:56 [xn----7sbxacenejetrooc4c8eq6b.xn--p1ai][info] File successfully uploaded to remote server (server_1).
24-05-2024 02:30:56 [xn----7sbxacenejetrooc4c8eq6b.xn--p1ai][info] Preparing to upload a file (/home/s/sfsolmv9/municipaljnyy-yurist.rf/public_html/wp-content/uploads/2019/10/img_20191015_164231_615-1-300x300.jpg) to a remote server (server_1).
24-05-2024 02:30:56 [xn----7sbxacenejetrooc4c8eq6b.xn--p1ai][info] File successfully uploaded to remote server (server_1).
24-05-2024 02:30:57 [xn----7sbxacenejetrooc4c8eq6b.xn--p1ai][debug] New queue created #38, attributes values: {"server_id":null,"object_id":"271","object_name":"","item_type":"attachment","item_hash":null,"item_hash_alternative":null,"result_status":"success","processing_level":"normal","is_backed_up":true,"original_size":70396,"final_size":70396,"original_mime_type":"image\/jpeg","final_mime_type":"image\/jpeg","extra_data":"{\"thumbnails_count\":2,\"original_main_size\":48650,\"class\":\"RIO_Attachment_Extra_Data\"}","created_at":1716507057}
24-05-2024 02:30:57 [xn----7sbxacenejetrooc4c8eq6b.xn--p1ai][info] End bulk optimization process! Scope: media-library. Remain: 16
-------------------------------
24-05-2024 02:30:57 [xn----7sbxacenejetrooc4c8eq6b.xn--p1ai][info] Start bulk optimization process! Scope: media-library
24-05-2024 02:30:57 [xn----7sbxacenejetrooc4c8eq6b.xn--p1ai][info] Preparing to upload a file (/home/s/sfsolmv9/municipaljnyy-yurist.rf/public_html/wp-content/uploads/2019/10/img_20191015_161427_261.jpg) to a remote server (server_1).
24-05-2024 02:30:57 [xn----7sbxacenejetrooc4c8eq6b.xn--p1ai][info] File successfully uploaded to remote server (server_1).
24-05-2024 02:30:57 [xn----7sbxacenejetrooc4c8eq6b.xn--p1ai][info] Preparing to upload a file (/home/s/sfsolmv9/municipaljnyy-yurist.rf/public_html/wp-content/uploads/2019/10/img_20191015_161427_261-150x150.jpg) to a remote server (server_1).
24-05-2024 02:30:58 [xn----7sbxacenejetrooc4c8eq6b.xn--p1ai][info] File successfully uploaded to remote server (server_1).
24-05-2024 02:30:58 [xn----7sbxacenejetrooc4c8eq6b.xn--p1ai][info] Preparing to upload a file (/home/s/sfsolmv9/municipaljnyy-yurist.rf/public_html/wp-content/uploads/2019/10/img_20191015_161427_261-300x300.jpg) to a remote server (server_1).
24-05-2024 02:30:58 [xn----7sbxacenejetrooc4c8eq6b.xn--p1ai][info] File successfully uploaded to remote server (server_1).
24-05-2024 02:30:58 [xn----7sbxacenejetrooc4c8eq6b.xn--p1ai][debug] New queue created #39, attributes values: {"server_id":null,"object_id":"272","object_name":"","item_type":"attachment","item_hash":null,"item_hash_alternative":null,"result_status":"success","processing_level":"normal","is_backed_up":true,"original_size":64482,"final_size":64482,"original_mime_type":"image\/jpeg","final_mime_type":"image\/jpeg","extra_data":"{\"thumbnails_count\":2,\"original_main_size\":46023,\"class\":\"RIO_Attachment_Extra_Data\"}","created_at":1716507058}
24-05-2024 02:30:58 [xn----7sbxacenejetrooc4c8eq6b.xn--p1ai][info] End bulk optimization process! Scope: media-library. Remain: 15
-------------------------------
24-05-2024 02:30:59 [xn----7sbxacenejetrooc4c8eq6b.xn--p1ai][info] Start bulk optimization process! Scope: media-library
24-05-2024 02:31:00 [xn----7sbxacenejetrooc4c8eq6b.xn--p1ai][info] Preparing to upload a file (/home/s/sfsolmv9/municipaljnyy-yurist.rf/public_html/wp-content/uploads/2023/11/liczenziya.png) to a remote server (server_1).
24-05-2024 02:31:02 [xn----7sbxacenejetrooc4c8eq6b.xn--p1ai][info] File successfully uploaded to remote server (server_1).
24-05-2024 02:31:02 [xn----7sbxacenejetrooc4c8eq6b.xn--p1ai][info] Preparing to upload a file (/home/s/sfsolmv9/municipaljnyy-yurist.rf/public_html/wp-content/uploads/2023/11/liczenziya-150x150.png) to a remote server (server_1).
24-05-2024 02:31:02 [xn----7sbxacenejetrooc4c8eq6b.xn--p1ai][info] File successfully uploaded to remote server (server_1).
24-05-2024 02:31:03 [xn----7sbxacenejetrooc4c8eq6b.xn--p1ai][info] Preparing to upload a file (/home/s/sfsolmv9/municipaljnyy-yurist.rf/public_html/wp-content/uploads/2023/11/liczenziya-300x138.png) to a remote server (server_1).
24-05-2024 02:31:03 [xn----7sbxacenejetrooc4c8eq6b.xn--p1ai][info] File successfully uploaded to remote server (server_1).
24-05-2024 02:31:03 [xn----7sbxacenejetrooc4c8eq6b.xn--p1ai][debug] New queue created #40, attributes values: {"server_id":null,"object_id":"294","object_name":"","item_type":"attachment","item_hash":null,"item_hash_alternative":null,"result_status":"success","processing_level":"normal","is_backed_up":true,"original_size":4967078,"final_size":935799,"original_mime_type":"image\/png","final_mime_type":"image\/png","extra_data":"{\"thumbnails_count\":2,\"original_main_size\":4855054,\"class\":\"RIO_Attachment_Extra_Data\"}","created_at":1716507063}
24-05-2024 02:31:03 [xn----7sbxacenejetrooc4c8eq6b.xn--p1ai][info] End bulk optimization process! Scope: media-library. Remain: 14
-------------------------------
24-05-2024 02:31:03 [xn----7sbxacenejetrooc4c8eq6b.xn--p1ai][info] Start bulk optimization process! Scope: media-library
24-05-2024 02:31:05 [xn----7sbxacenejetrooc4c8eq6b.xn--p1ai][info] Preparing to upload a file (/home/s/sfsolmv9/municipaljnyy-yurist.rf/public_html/wp-content/uploads/2023/11/liczenziya-1.png) to a remote server (server_1).
24-05-2024 02:31:06 [xn----7sbxacenejetrooc4c8eq6b.xn--p1ai][info] File successfully uploaded to remote server (server_1).
24-05-2024 02:31:07 [xn----7sbxacenejetrooc4c8eq6b.xn--p1ai][info] Preparing to upload a file (/home/s/sfsolmv9/municipaljnyy-yurist.rf/public_html/wp-content/uploads/2023/11/liczenziya-1-150x150.png) to a remote server (server_1).
24-05-2024 02:31:07 [xn----7sbxacenejetrooc4c8eq6b.xn--p1ai][info] File successfully uploaded to remote server (server_1).
24-05-2024 02:31:07 [xn----7sbxacenejetrooc4c8eq6b.xn--p1ai][info] Preparing to upload a file (/home/s/sfsolmv9/municipaljnyy-yurist.rf/public_html/wp-content/uploads/2023/11/liczenziya-1-300x138.png) to a remote server (server_1).
24-05-2024 02:31:07 [xn----7sbxacenejetrooc4c8eq6b.xn--p1ai][info] File successfully uploaded to remote server (server_1).
24-05-2024 02:31:08 [xn----7sbxacenejetrooc4c8eq6b.xn--p1ai][debug] New queue created #41, attributes values: {"server_id":null,"object_id":"299","object_name":"","item_type":"attachment","item_hash":null,"item_hash_alternative":null,"result_status":"success","processing_level":"normal","is_backed_up":true,"original_size":4967078,"final_size":935799,"original_mime_type":"image\/png","final_mime_type":"image\/png","extra_data":"{\"thumbnails_count\":2,\"original_main_size\":4855054,\"class\":\"RIO_Attachment_Extra_Data\"}","created_at":1716507068}
24-05-2024 02:31:08 [xn----7sbxacenejetrooc4c8eq6b.xn--p1ai][info] End bulk optimization process! Scope: media-library. Remain: 13
-------------------------------
24-05-2024 02:31:08 [xn----7sbxacenejetrooc4c8eq6b.xn--p1ai][info] Start bulk optimization process! Scope: media-library
24-05-2024 02:31:09 [xn----7sbxacenejetrooc4c8eq6b.xn--p1ai][info] Preparing to upload a file (/home/s/sfsolmv9/municipaljnyy-yurist.rf/public_html/wp-content/uploads/2023/11/license.png) to a remote server (server_1).
24-05-2024 02:31:11 [xn----7sbxacenejetrooc4c8eq6b.xn--p1ai][info] File successfully uploaded to remote server (server_1).
24-05-2024 02:31:11 [xn----7sbxacenejetrooc4c8eq6b.xn--p1ai][info] Preparing to upload a file (/home/s/sfsolmv9/municipaljnyy-yurist.rf/public_html/wp-content/uploads/2023/11/license-150x150.png) to a remote server (server_1).
24-05-2024 02:31:11 [xn----7sbxacenejetrooc4c8eq6b.xn--p1ai][info] File successfully uploaded to remote server (server_1).
24-05-2024 02:31:12 [xn----7sbxacenejetrooc4c8eq6b.xn--p1ai][info] Preparing to upload a file (/home/s/sfsolmv9/municipaljnyy-yurist.rf/public_html/wp-content/uploads/2023/11/license-300x138.png) to a remote server (server_1).
24-05-2024 02:31:12 [xn----7sbxacenejetrooc4c8eq6b.xn--p1ai][info] File successfully uploaded to remote server (server_1).
24-05-2024 02:31:12 [xn----7sbxacenejetrooc4c8eq6b.xn--p1ai][debug] New queue created #42, attributes values: {"server_id":null,"object_id":"300","object_name":"","item_type":"attachment","item_hash":null,"item_hash_alternative":null,"result_status":"success","processing_level":"normal","is_backed_up":true,"original_size":4967078,"final_size":935799,"original_mime_type":"image\/png","final_mime_type":"image\/png","extra_data":"{\"thumbnails_count\":2,\"original_main_size\":4855054,\"class\":\"RIO_Attachment_Extra_Data\"}","created_at":1716507072}
24-05-2024 02:31:12 [xn----7sbxacenejetrooc4c8eq6b.xn--p1ai][info] End bulk optimization process! Scope: media-library. Remain: 12
-------------------------------
24-05-2024 02:31:12 [xn----7sbxacenejetrooc4c8eq6b.xn--p1ai][info] Start bulk optimization process! Scope: media-library
24-05-2024 02:31:13 [xn----7sbxacenejetrooc4c8eq6b.xn--p1ai][info] Preparing to upload a file (/home/s/sfsolmv9/municipaljnyy-yurist.rf/public_html/wp-content/uploads/2023/11/sa3-1.jpg) to a remote server (server_1).
24-05-2024 02:31:13 [xn----7sbxacenejetrooc4c8eq6b.xn--p1ai][info] File successfully uploaded to remote server (server_1).
24-05-2024 02:31:14 [xn----7sbxacenejetrooc4c8eq6b.xn--p1ai][info] Preparing to upload a file (/home/s/sfsolmv9/municipaljnyy-yurist.rf/public_html/wp-content/uploads/2023/11/sa3-1-150x150.jpg) to a remote server (server_1).
24-05-2024 02:31:14 [xn----7sbxacenejetrooc4c8eq6b.xn--p1ai][info] File successfully uploaded to remote server (server_1).
24-05-2024 02:31:14 [xn----7sbxacenejetrooc4c8eq6b.xn--p1ai][info] Preparing to upload a file (/home/s/sfsolmv9/municipaljnyy-yurist.rf/public_html/wp-content/uploads/2023/11/sa3-1-300x209.jpg) to a remote server (server_1).
24-05-2024 02:31:14 [xn----7sbxacenejetrooc4c8eq6b.xn--p1ai][info] File successfully uploaded to remote server (server_1).
24-05-2024 02:31:14 [xn----7sbxacenejetrooc4c8eq6b.xn--p1ai][debug] New queue created #43, attributes values: {"server_id":null,"object_id":"339","object_name":"","item_type":"attachment","item_hash":null,"item_hash_alternative":null,"result_status":"success","processing_level":"normal","is_backed_up":true,"original_size":837990,"final_size":240033,"original_mime_type":"image\/jpeg","final_mime_type":"image\/jpeg","extra_data":"{\"thumbnails_count\":2,\"original_main_size\":817185,\"class\":\"RIO_Attachment_Extra_Data\"}","created_at":1716507074}
24-05-2024 02:31:14 [xn----7sbxacenejetrooc4c8eq6b.xn--p1ai][info] End bulk optimization process! Scope: media-library. Remain: 11
-------------------------------
24-05-2024 02:31:15 [xn----7sbxacenejetrooc4c8eq6b.xn--p1ai][info] Start bulk optimization process! Scope: media-library
24-05-2024 02:31:15 [xn----7sbxacenejetrooc4c8eq6b.xn--p1ai][info] Preparing to upload a file (/home/s/sfsolmv9/municipaljnyy-yurist.rf/public_html/wp-content/uploads/2023/11/online-education-g75257abdb_1920-1.jpg) to a remote server (server_1).
24-05-2024 02:31:15 [xn----7sbxacenejetrooc4c8eq6b.xn--p1ai][info] File successfully uploaded to remote server (server_1).
24-05-2024 02:31:15 [xn----7sbxacenejetrooc4c8eq6b.xn--p1ai][info] Preparing to upload a file (/home/s/sfsolmv9/municipaljnyy-yurist.rf/public_html/wp-content/uploads/2023/11/online-education-g75257abdb_1920-1-150x150.jpg) to a remote server (server_1).
24-05-2024 02:31:16 [xn----7sbxacenejetrooc4c8eq6b.xn--p1ai][info] File successfully uploaded to remote server (server_1).
24-05-2024 02:31:16 [xn----7sbxacenejetrooc4c8eq6b.xn--p1ai][info] Preparing to upload a file (/home/s/sfsolmv9/municipaljnyy-yurist.rf/public_html/wp-content/uploads/2023/11/online-education-g75257abdb_1920-1-300x200.jpg) to a remote server (server_1).
24-05-2024 02:31:16 [xn----7sbxacenejetrooc4c8eq6b.xn--p1ai][info] File successfully uploaded to remote server (server_1).
24-05-2024 02:31:16 [xn----7sbxacenejetrooc4c8eq6b.xn--p1ai][debug] New queue created #44, attributes values: {"server_id":null,"object_id":"340","object_name":"","item_type":"attachment","item_hash":null,"item_hash_alternative":null,"result_status":"success","processing_level":"normal","is_backed_up":true,"original_size":103653,"final_size":103653,"original_mime_type":"image\/jpeg","final_mime_type":"image\/jpeg","extra_data":"{\"thumbnails_count\":2,\"original_main_size\":88841,\"class\":\"RIO_Attachment_Extra_Data\"}","created_at":1716507076}
24-05-2024 02:31:16 [xn----7sbxacenejetrooc4c8eq6b.xn--p1ai][info] End bulk optimization process! Scope: media-library. Remain: 10
-------------------------------
24-05-2024 02:31:17 [xn----7sbxacenejetrooc4c8eq6b.xn--p1ai][info] Start bulk optimization process! Scope: media-library
24-05-2024 02:31:17 [xn----7sbxacenejetrooc4c8eq6b.xn--p1ai][info] Preparing to upload a file (/home/s/sfsolmv9/municipaljnyy-yurist.rf/public_html/wp-content/uploads/2023/11/dyachkovskij.png) to a remote server (server_1).
24-05-2024 02:31:17 [xn----7sbxacenejetrooc4c8eq6b.xn--p1ai][info] File successfully uploaded to remote server (server_1).
24-05-2024 02:31:17 [xn----7sbxacenejetrooc4c8eq6b.xn--p1ai][info] Preparing to upload a file (/home/s/sfsolmv9/municipaljnyy-yurist.rf/public_html/wp-content/uploads/2023/11/dyachkovskij-150x150.png) to a remote server (server_1).
24-05-2024 02:31:17 [xn----7sbxacenejetrooc4c8eq6b.xn--p1ai][info] File successfully uploaded to remote server (server_1).
24-05-2024 02:31:17 [xn----7sbxacenejetrooc4c8eq6b.xn--p1ai][debug] New queue created #45, attributes values: {"server_id":null,"object_id":"373","object_name":"","item_type":"attachment","item_hash":null,"item_hash_alternative":null,"result_status":"success","processing_level":"normal","is_backed_up":true,"original_size":84895,"final_size":32444,"original_mime_type":"image\/png","final_mime_type":"image\/png","extra_data":"{\"thumbnails_count\":1,\"original_main_size\":59592,\"class\":\"RIO_Attachment_Extra_Data\"}","created_at":1716507077}
24-05-2024 02:31:17 [xn----7sbxacenejetrooc4c8eq6b.xn--p1ai][info] End bulk optimization process! Scope: media-library. Remain: 9
-------------------------------
24-05-2024 02:31:18 [xn----7sbxacenejetrooc4c8eq6b.xn--p1ai][info] Start bulk optimization process! Scope: media-library
24-05-2024 02:31:18 [xn----7sbxacenejetrooc4c8eq6b.xn--p1ai][info] Preparing to upload a file (/home/s/sfsolmv9/municipaljnyy-yurist.rf/public_html/wp-content/uploads/2023/11/obutova.png) to a remote server (server_1).
24-05-2024 02:31:18 [xn----7sbxacenejetrooc4c8eq6b.xn--p1ai][info] File successfully uploaded to remote server (server_1).
24-05-2024 02:31:18 [xn----7sbxacenejetrooc4c8eq6b.xn--p1ai][info] Preparing to upload a file (/home/s/sfsolmv9/municipaljnyy-yurist.rf/public_html/wp-content/uploads/2023/11/obutova-150x150.png) to a remote server (server_1).
24-05-2024 02:31:18 [xn----7sbxacenejetrooc4c8eq6b.xn--p1ai][info] File successfully uploaded to remote server (server_1).
24-05-2024 02:31:19 [xn----7sbxacenejetrooc4c8eq6b.xn--p1ai][debug] New queue created #46, attributes values: {"server_id":null,"object_id":"374","object_name":"","item_type":"attachment","item_hash":null,"item_hash_alternative":null,"result_status":"success","processing_level":"normal","is_backed_up":true,"original_size":118101,"final_size":41824,"original_mime_type":"image\/png","final_mime_type":"image\/png","extra_data":"{\"thumbnails_count\":1,\"original_main_size\":84046,\"class\":\"RIO_Attachment_Extra_Data\"}","created_at":1716507079}
24-05-2024 02:31:19 [xn----7sbxacenejetrooc4c8eq6b.xn--p1ai][info] End bulk optimization process! Scope: media-library. Remain: 8
-------------------------------
24-05-2024 02:31:19 [xn----7sbxacenejetrooc4c8eq6b.xn--p1ai][info] Start bulk optimization process! Scope: media-library
24-05-2024 02:31:22 [xn----7sbxacenejetrooc4c8eq6b.xn--p1ai][info] Preparing to upload a file (/home/s/sfsolmv9/municipaljnyy-yurist.rf/public_html/wp-content/uploads/2023/11/edu.png) to a remote server (server_1).
24-05-2024 02:31:23 [xn----7sbxacenejetrooc4c8eq6b.xn--p1ai][info] File successfully uploaded to remote server (server_1).
24-05-2024 02:31:23 [xn----7sbxacenejetrooc4c8eq6b.xn--p1ai][info] Preparing to upload a file (/home/s/sfsolmv9/municipaljnyy-yurist.rf/public_html/wp-content/uploads/2023/11/edu-150x150.png) to a remote server (server_1).
24-05-2024 02:31:23 [xn----7sbxacenejetrooc4c8eq6b.xn--p1ai][info] File successfully uploaded to remote server (server_1).
24-05-2024 02:31:23 [xn----7sbxacenejetrooc4c8eq6b.xn--p1ai][info] Preparing to upload a file (/home/s/sfsolmv9/municipaljnyy-yurist.rf/public_html/wp-content/uploads/2023/11/edu-300x200.png) to a remote server (server_1).
24-05-2024 02:31:24 [xn----7sbxacenejetrooc4c8eq6b.xn--p1ai][info] File successfully uploaded to remote server (server_1).
24-05-2024 02:31:24 [xn----7sbxacenejetrooc4c8eq6b.xn--p1ai][debug] New queue created #47, attributes values: {"server_id":null,"object_id":"392","object_name":"","item_type":"attachment","item_hash":null,"item_hash_alternative":null,"result_status":"success","processing_level":"normal","is_backed_up":true,"original_size":1192225,"final_size":206660,"original_mime_type":"image\/png","final_mime_type":"image\/png","extra_data":"{\"thumbnails_count\":2,\"original_main_size\":1139377,\"class\":\"RIO_Attachment_Extra_Data\"}","created_at":1716507084}
24-05-2024 02:31:24 [xn----7sbxacenejetrooc4c8eq6b.xn--p1ai][info] End bulk optimization process! Scope: media-library. Remain: 7
-------------------------------
24-05-2024 02:31:24 [xn----7sbxacenejetrooc4c8eq6b.xn--p1ai][info] Start bulk optimization process! Scope: media-library
24-05-2024 02:31:24 [xn----7sbxacenejetrooc4c8eq6b.xn--p1ai][info] Preparing to upload a file (/home/s/sfsolmv9/municipaljnyy-yurist.rf/public_html/wp-content/uploads/2023/11/sdo.png) to a remote server (server_1).
24-05-2024 02:31:24 [xn----7sbxacenejetrooc4c8eq6b.xn--p1ai][info] File successfully uploaded to remote server (server_1).
24-05-2024 02:31:25 [xn----7sbxacenejetrooc4c8eq6b.xn--p1ai][info] Preparing to upload a file (/home/s/sfsolmv9/municipaljnyy-yurist.rf/public_html/wp-content/uploads/2023/11/sdo-150x150.png) to a remote server (server_1).
24-05-2024 02:31:25 [xn----7sbxacenejetrooc4c8eq6b.xn--p1ai][info] File successfully uploaded to remote server (server_1).
24-05-2024 02:31:25 [xn----7sbxacenejetrooc4c8eq6b.xn--p1ai][info] Preparing to upload a file (/home/s/sfsolmv9/municipaljnyy-yurist.rf/public_html/wp-content/uploads/2023/11/sdo-300x200.png) to a remote server (server_1).
24-05-2024 02:31:25 [xn----7sbxacenejetrooc4c8eq6b.xn--p1ai][info] File successfully uploaded to remote server (server_1).
24-05-2024 02:31:26 [xn----7sbxacenejetrooc4c8eq6b.xn--p1ai][debug] New queue created #48, attributes values: {"server_id":null,"object_id":"393","object_name":"","item_type":"attachment","item_hash":null,"item_hash_alternative":null,"result_status":"success","processing_level":"normal","is_backed_up":true,"original_size":148228,"final_size":56588,"original_mime_type":"image\/png","final_mime_type":"image\/png","extra_data":"{\"thumbnails_count\":2,\"original_main_size\":85127,\"class\":\"RIO_Attachment_Extra_Data\"}","created_at":1716507086}
24-05-2024 02:31:26 [xn----7sbxacenejetrooc4c8eq6b.xn--p1ai][info] End bulk optimization process! Scope: media-library. Remain: 6
-------------------------------
24-05-2024 02:31:27 [xn----7sbxacenejetrooc4c8eq6b.xn--p1ai][info] Start bulk optimization process! Scope: media-library
24-05-2024 02:31:27 [xn----7sbxacenejetrooc4c8eq6b.xn--p1ai][info] Preparing to upload a file (/home/s/sfsolmv9/municipaljnyy-yurist.rf/public_html/wp-content/uploads/2023/11/sdo-1.png) to a remote server (server_1).
24-05-2024 02:31:27 [xn----7sbxacenejetrooc4c8eq6b.xn--p1ai][info] File successfully uploaded to remote server (server_1).
24-05-2024 02:31:27 [xn----7sbxacenejetrooc4c8eq6b.xn--p1ai][info] Preparing to upload a file (/home/s/sfsolmv9/municipaljnyy-yurist.rf/public_html/wp-content/uploads/2023/11/sdo-1-150x150.png) to a remote server (server_1).
24-05-2024 02:31:28 [xn----7sbxacenejetrooc4c8eq6b.xn--p1ai][info] File successfully uploaded to remote server (server_1).
24-05-2024 02:31:28 [xn----7sbxacenejetrooc4c8eq6b.xn--p1ai][info] Preparing to upload a file (/home/s/sfsolmv9/municipaljnyy-yurist.rf/public_html/wp-content/uploads/2023/11/sdo-1-300x200.png) to a remote server (server_1).
24-05-2024 02:31:28 [xn----7sbxacenejetrooc4c8eq6b.xn--p1ai][info] File successfully uploaded to remote server (server_1).
24-05-2024 02:31:28 [xn----7sbxacenejetrooc4c8eq6b.xn--p1ai][debug] New queue created #49, attributes values: {"server_id":null,"object_id":"394","object_name":"","item_type":"attachment","item_hash":null,"item_hash_alternative":null,"result_status":"success","processing_level":"normal","is_backed_up":true,"original_size":187767,"final_size":70397,"original_mime_type":"image\/png","final_mime_type":"image\/png","extra_data":"{\"thumbnails_count\":2,\"original_main_size\":127447,\"class\":\"RIO_Attachment_Extra_Data\"}","created_at":1716507088}
24-05-2024 02:31:28 [xn----7sbxacenejetrooc4c8eq6b.xn--p1ai][info] End bulk optimization process! Scope: media-library. Remain: 5
-------------------------------
24-05-2024 02:31:29 [xn----7sbxacenejetrooc4c8eq6b.xn--p1ai][info] Start bulk optimization process! Scope: media-library
24-05-2024 02:31:29 [xn----7sbxacenejetrooc4c8eq6b.xn--p1ai][info] Preparing to upload a file (/home/s/sfsolmv9/municipaljnyy-yurist.rf/public_html/wp-content/uploads/2023/11/edu-1.png) to a remote server (server_1).
24-05-2024 02:31:29 [xn----7sbxacenejetrooc4c8eq6b.xn--p1ai][info] File successfully uploaded to remote server (server_1).
24-05-2024 02:31:29 [xn----7sbxacenejetrooc4c8eq6b.xn--p1ai][info] Preparing to upload a file (/home/s/sfsolmv9/municipaljnyy-yurist.rf/public_html/wp-content/uploads/2023/11/edu-1-150x150.png) to a remote server (server_1).
24-05-2024 02:31:29 [xn----7sbxacenejetrooc4c8eq6b.xn--p1ai][info] File successfully uploaded to remote server (server_1).
24-05-2024 02:31:29 [xn----7sbxacenejetrooc4c8eq6b.xn--p1ai][info] Preparing to upload a file (/home/s/sfsolmv9/municipaljnyy-yurist.rf/public_html/wp-content/uploads/2023/11/edu-1-300x200.png) to a remote server (server_1).
24-05-2024 02:31:30 [xn----7sbxacenejetrooc4c8eq6b.xn--p1ai][info] File successfully uploaded to remote server (server_1).
24-05-2024 02:31:30 [xn----7sbxacenejetrooc4c8eq6b.xn--p1ai][debug] New queue created #50, attributes values: {"server_id":null,"object_id":"395","object_name":"","item_type":"attachment","item_hash":null,"item_hash_alternative":null,"result_status":"success","processing_level":"normal","is_backed_up":true,"original_size":116042,"final_size":42462,"original_mime_type":"image\/png","final_mime_type":"image\/png","extra_data":"{\"thumbnails_count\":2,\"original_main_size\":75138,\"class\":\"RIO_Attachment_Extra_Data\"}","created_at":1716507090}
24-05-2024 02:31:30 [xn----7sbxacenejetrooc4c8eq6b.xn--p1ai][info] End bulk optimization process! Scope: media-library. Remain: 4
-------------------------------
24-05-2024 02:31:30 [xn----7sbxacenejetrooc4c8eq6b.xn--p1ai][info] Start bulk optimization process! Scope: media-library
24-05-2024 02:31:30 [xn----7sbxacenejetrooc4c8eq6b.xn--p1ai][info] Preparing to upload a file (/home/s/sfsolmv9/municipaljnyy-yurist.rf/public_html/wp-content/uploads/2023/11/sdo-2.png) to a remote server (server_1).
24-05-2024 02:31:30 [xn----7sbxacenejetrooc4c8eq6b.xn--p1ai][info] File successfully uploaded to remote server (server_1).
24-05-2024 02:31:31 [xn----7sbxacenejetrooc4c8eq6b.xn--p1ai][info] Preparing to upload a file (/home/s/sfsolmv9/municipaljnyy-yurist.rf/public_html/wp-content/uploads/2023/11/sdo-2-150x150.png) to a remote server (server_1).
24-05-2024 02:31:31 [xn----7sbxacenejetrooc4c8eq6b.xn--p1ai][info] File successfully uploaded to remote server (server_1).
24-05-2024 02:31:31 [xn----7sbxacenejetrooc4c8eq6b.xn--p1ai][info] Preparing to upload a file (/home/s/sfsolmv9/municipaljnyy-yurist.rf/public_html/wp-content/uploads/2023/11/sdo-2-300x200.png) to a remote server (server_1).
24-05-2024 02:31:31 [xn----7sbxacenejetrooc4c8eq6b.xn--p1ai][info] File successfully uploaded to remote server (server_1).
24-05-2024 02:31:31 [xn----7sbxacenejetrooc4c8eq6b.xn--p1ai][debug] New queue created #51, attributes values: {"server_id":null,"object_id":"396","object_name":"","item_type":"attachment","item_hash":null,"item_hash_alternative":null,"result_status":"success","processing_level":"normal","is_backed_up":true,"original_size":148228,"final_size":56588,"original_mime_type":"image\/png","final_mime_type":"image\/png","extra_data":"{\"thumbnails_count\":2,\"original_main_size\":85127,\"class\":\"RIO_Attachment_Extra_Data\"}","created_at":1716507091}
24-05-2024 02:31:31 [xn----7sbxacenejetrooc4c8eq6b.xn--p1ai][info] End bulk optimization process! Scope: media-library. Remain: 3
-------------------------------
24-05-2024 02:31:32 [xn----7sbxacenejetrooc4c8eq6b.xn--p1ai][info] Start bulk optimization process! Scope: media-library
24-05-2024 02:31:34 [xn----7sbxacenejetrooc4c8eq6b.xn--p1ai][info] Preparing to upload a file (/home/s/sfsolmv9/municipaljnyy-yurist.rf/public_html/wp-content/uploads/2023/11/bright-minds.png) to a remote server (server_1).
24-05-2024 02:31:34 [xn----7sbxacenejetrooc4c8eq6b.xn--p1ai][info] File successfully uploaded to remote server (server_1).
24-05-2024 02:31:34 [xn----7sbxacenejetrooc4c8eq6b.xn--p1ai][info] Preparing to upload a file (/home/s/sfsolmv9/municipaljnyy-yurist.rf/public_html/wp-content/uploads/2023/11/bright-minds-150x150.png) to a remote server (server_1).
24-05-2024 02:31:34 [xn----7sbxacenejetrooc4c8eq6b.xn--p1ai][info] File successfully uploaded to remote server (server_1).
24-05-2024 02:31:35 [xn----7sbxacenejetrooc4c8eq6b.xn--p1ai][info] Preparing to upload a file (/home/s/sfsolmv9/municipaljnyy-yurist.rf/public_html/wp-content/uploads/2023/11/bright-minds-300x200.png) to a remote server (server_1).
24-05-2024 02:31:35 [xn----7sbxacenejetrooc4c8eq6b.xn--p1ai][info] File successfully uploaded to remote server (server_1).
24-05-2024 02:31:35 [xn----7sbxacenejetrooc4c8eq6b.xn--p1ai][debug] New queue created #52, attributes values: {"server_id":null,"object_id":"397","object_name":"","item_type":"attachment","item_hash":null,"item_hash_alternative":null,"result_status":"success","processing_level":"normal","is_backed_up":true,"original_size":225913,"final_size":62812,"original_mime_type":"image\/png","final_mime_type":"image\/png","extra_data":"{\"thumbnails_count\":2,\"original_main_size\":198895,\"class\":\"RIO_Attachment_Extra_Data\"}","created_at":1716507095}
24-05-2024 02:31:35 [xn----7sbxacenejetrooc4c8eq6b.xn--p1ai][info] End bulk optimization process! Scope: media-library. Remain: 2
-------------------------------
24-05-2024 02:31:35 [xn----7sbxacenejetrooc4c8eq6b.xn--p1ai][info] Start bulk optimization process! Scope: media-library
24-05-2024 02:31:35 [xn----7sbxacenejetrooc4c8eq6b.xn--p1ai][info] Preparing to upload a file (/home/s/sfsolmv9/municipaljnyy-yurist.rf/public_html/wp-content/uploads/2023/11/sakha.png) to a remote server (server_1).
24-05-2024 02:31:36 [xn----7sbxacenejetrooc4c8eq6b.xn--p1ai][info] File successfully uploaded to remote server (server_1).
24-05-2024 02:31:36 [xn----7sbxacenejetrooc4c8eq6b.xn--p1ai][info] Preparing to upload a file (/home/s/sfsolmv9/municipaljnyy-yurist.rf/public_html/wp-content/uploads/2023/11/sakha-150x150.png) to a remote server (server_1).
24-05-2024 02:31:36 [xn----7sbxacenejetrooc4c8eq6b.xn--p1ai][info] File successfully uploaded to remote server (server_1).
24-05-2024 02:31:36 [xn----7sbxacenejetrooc4c8eq6b.xn--p1ai][info] Preparing to upload a file (/home/s/sfsolmv9/municipaljnyy-yurist.rf/public_html/wp-content/uploads/2023/11/sakha-300x295.png) to a remote server (server_1).
24-05-2024 02:31:37 [xn----7sbxacenejetrooc4c8eq6b.xn--p1ai][info] File successfully uploaded to remote server (server_1).
24-05-2024 02:31:37 [xn----7sbxacenejetrooc4c8eq6b.xn--p1ai][debug] New queue created #53, attributes values: {"server_id":null,"object_id":"399","object_name":"","item_type":"attachment","item_hash":null,"item_hash_alternative":null,"result_status":"success","processing_level":"normal","is_backed_up":true,"original_size":76984,"final_size":41579,"original_mime_type":"image\/png","final_mime_type":"image\/png","extra_data":"{\"thumbnails_count\":2,\"original_main_size\":18827,\"class\":\"RIO_Attachment_Extra_Data\"}","created_at":1716507097}
24-05-2024 02:31:37 [xn----7sbxacenejetrooc4c8eq6b.xn--p1ai][info] End bulk optimization process! Scope: media-library. Remain: 1
-------------------------------
24-05-2024 02:31:37 [xn----7sbxacenejetrooc4c8eq6b.xn--p1ai][info] Start bulk optimization process! Scope: media-library
24-05-2024 02:31:37 [xn----7sbxacenejetrooc4c8eq6b.xn--p1ai][info] Preparing to upload a file (/home/s/sfsolmv9/municipaljnyy-yurist.rf/public_html/wp-content/uploads/2023/11/404.png) to a remote server (server_1).
24-05-2024 02:31:37 [xn----7sbxacenejetrooc4c8eq6b.xn--p1ai][info] File successfully uploaded to remote server (server_1).
24-05-2024 02:31:37 [xn----7sbxacenejetrooc4c8eq6b.xn--p1ai][info] Preparing to upload a file (/home/s/sfsolmv9/municipaljnyy-yurist.rf/public_html/wp-content/uploads/2023/11/404-150x150.png) to a remote server (server_1).
24-05-2024 02:31:38 [xn----7sbxacenejetrooc4c8eq6b.xn--p1ai][info] File successfully uploaded to remote server (server_1).
24-05-2024 02:31:38 [xn----7sbxacenejetrooc4c8eq6b.xn--p1ai][info] Preparing to upload a file (/home/s/sfsolmv9/municipaljnyy-yurist.rf/public_html/wp-content/uploads/2023/11/404-300x220.png) to a remote server (server_1).
24-05-2024 02:31:38 [xn----7sbxacenejetrooc4c8eq6b.xn--p1ai][info] File successfully uploaded to remote server (server_1).
24-05-2024 02:31:38 [xn----7sbxacenejetrooc4c8eq6b.xn--p1ai][debug] New queue created #54, attributes values: {"server_id":null,"object_id":"406","object_name":"","item_type":"attachment","item_hash":null,"item_hash_alternative":null,"result_status":"success","processing_level":"normal","is_backed_up":true,"original_size":20587,"final_size":10936,"original_mime_type":"image\/png","final_mime_type":"image\/png","extra_data":"{\"thumbnails_count\":2,\"original_main_size\":10739,\"class\":\"RIO_Attachment_Extra_Data\"}","created_at":1716507098}
24-05-2024 02:31:38 [xn----7sbxacenejetrooc4c8eq6b.xn--p1ai][info] End bulk optimization process! Scope: media-library. Remain: 0
-------------------------------